decoder type=ublox role=rtk-base mode=fixed lat=47.00000000 lon=8.00000000 alt=500.0000 accuracy=1.00000m compact=0 persistent=0 baud=115200
file corpus/ubx-comms.bin bytes=16
file corpus/ubx-sat.bin bytes=28
    satellites full=1 gps:view=1/1,use=1/1
file corpus/ubx-version.bin bytes=78
file corpus/ubx-warning.bin bytes=19
    integrity receipt=1 jamming=unknown/0 spoofing=unknown/0 antenna=unknown/0 output-overflow=1
file fixtures/mixed.gps bytes=1227
    rtcm type=1005 size=25 fnv=10f31c27
    rtcm type=4072 size=68 fnv=7e7e465c
    rtcm type=1077 size=275 fnv=cd768728
    rtcm type=1087 size=201 fnv=8e7a608a
    rtcm type=1097 size=151 fnv=b3c8e5d2
    rtcm type=1127 size=275 fnv=bd1fa343
    rtcm type=1230 size=10 fnv=204e816a
    expired position fix=3d lat=32.06583250 lon=34.77381900 msl=54.6420 ellipsoid=72.1340 hacc=0.6850 vacc=0.4840 hdop=nan vdop=nan speed=0.0000 course=5.063867 used=31 utc=1644309719000360 velocity=1 receipt=1
file fixtures/nav-hpposllh.ubx bytes=44
file fixtures/navigation.ubx bytes=2900
    satellites full=1 gps:view=13/1,use=8/1 sbas:view=2/1,use=0/1 galileo:view=10/1,use=7/1 beidou:view=9/1,use=5/1 glonass:view=9/1,use=6/1
    integrity receipt=1 jamming=unknown/0 spoofing=none/1 antenna=unknown/0 output-overflow=0
    position fix=differential lat=53.45072280 lon=-2.24028550 msl=42.7010 ellipsoid=91.1840 hacc=1.4910 vacc=2.0650 hdop=0.580 vdop=0.830 speed=0.0080 course=0.000000 used=26 utc=1638617698999639 velocity=1 receipt=1
file fixtures/relative.ubx bytes=72
file fixtures/synthetic-integrity.ubx bytes=116
    integrity receipt=1 jamming=unknown/0 spoofing=indicated/1 antenna=unknown/0 output-overflow=0
    integrity receipt=1 jamming=warning/1 spoofing=indicated/1 antenna=unknown/1 output-overflow=0
file fixtures/synthetic-timeutc.ubx bytes=84
