about Receiver rejects base mode
request type=unicore role=rtk-base mode=averaging maximum=5s compact=0 persistent=0 baud=0
configure configured=0 baud=0->115200 failure=protocol ready=0 elapsed=1ms
  identity "UM982 R4.10Build15434"
  error "Unicore receiver rejected 'MODE BASE TIME 5 0'"
  baud 115200 configured
  write "VERSIONA" 10 readback-verified required
    text "VERSIONA\r\n"
  write "UNLOG" 7 acknowledged required
    text "UNLOG\r\n"
  write "MODE ROVER" 12 acknowledged required
    text "MODE ROVER\r\n"
  write "MODE" 6 readback-verified required
    text "MODE\r\n"
  write "GPGGA 1" 9 acknowledged required
    text "GPGGA 1\r\n"
  write "GPGST 1" 9 acknowledged required
    text "GPGST 1\r\n"
  write "GPGSV 1" 9 acknowledged required
    text "GPGSV 1\r\n"
  write "GPGSA 1" 9 acknowledged required
    text "GPGSA 1\r\n"
  write "MODE BASE TIME 5 0" 20 rejected required
    text "MODE BASE TIME 5 0\r\n"
  survey active=0 valid=0 duration=0s accuracy=- lat=nan lon=nan alt=nan receipt=1
