# Pinned native GPS protocol behaviour. Rewrite only for a justified change (QGC_GPS_GOLDEN_UPDATE=1).
golden quectel/partial-write
about Transport times out part-way through a command
request type=quectel role=rtk-base mode=survey-in accuracy=15.0000m duration=10s compact=0 persistent=0 baud=0
stream-step 1 bytes=0 duration=12000ms
stream-step 2 bytes=25 duration=2000ms
configure
  result configured=0 baud=0->460800 failure=transport ready=0 elapsed=221ms
  identity "LG290P03AANR01A03S"
  error "LG290P NMEA output configuration/readback failed"
  wire
    baud 460800 configured
    write "PQTMVERNO" 15
      245051544d5645524e4f2a35380d0a
      text "$PQTMVERNO*58\r\n"
    write "PQTMCFGRCVRMODE,R" 23
      245051544d434647524356524d4f44452c522a33320d0a
      text "$PQTMCFGRCVRMODE,R*32\r\n"
    write "PQTMCFGFIXRATE,R" 22
      245051544d434647464958524154452c522a37310d0a
      text "$PQTMCFGFIXRATE,R*71\r\n"
    write "PQTMCFGSVIN,R" 19
      245051544d4346475356494e2c522a32360d0a
      text "$PQTMCFGSVIN,R*26\r\n"
    write "PQTMCFGSVIN,W (survey restart)" 54
      245051544d4346475356494e2c572c312c31302c31352e302c302e303030302c
      302e303030302c302e303030302c302e302a31350d0a
      text "$PQTMCFGSVIN,W,1,10,15.0,0.0000,0.0000,0.0000,0.0*15\r\n"
    write "PQTMSRR" 13
      245051544d5352522a34420d0a
      text "$PQTMSRR*4B\r\n"
    write "PQTMVERNO" 15
      245051544d5645524e4f2a35380d0a
      text "$PQTMVERNO*58\r\n"
    write "PQTMCFGRCVRMODE,R" 23
      245051544d434647524356524d4f44452c522a33320d0a
      text "$PQTMCFGRCVRMODE,R*32\r\n"
    write "PQTMCFGFIXRATE,R" 22
      245051544d434647464958524154452c522a37310d0a
      text "$PQTMCFGFIXRATE,R*71\r\n"
    write "PQTMCFGSVIN,R" 19
      245051544d4346475356494e2c522a32360d0a
      text "$PQTMCFGSVIN,R*26\r\n"
    write "PQTMCFGMSGRATE,W,PQTMSVINSTATUS,1,1" 41
      245051544d4346474d5347524154452c572c5051544d5356494e535441545553
      2c312c312a35380d0a
      text "$PQTMCFGMSGRATE,W,PQTMSVINSTATUS,1,1*58\r\n"
    write "PQTMCFGMSGRATE,R,PQTMSVINSTATUS,1" 39
      245051544d4346474d5347524154452c522c5051544d5356494e535441545553
      2c312a34300d0a
      text "$PQTMCFGMSGRATE,R,PQTMSVINSTATUS,1*40\r\n"
    write "PQTMCFGMSGRATE,W,RTCM3-1005,1" 35
      245051544d4346474d5347524154452c572c5254434d332d313030352c312a35
      390d0a
      text "$PQTMCFGMSGRATE,W,RTCM3-1005,1*59\r\n"
    write "PQTMCFGMSGRATE,R,RTCM3-1005" 33
      245051544d4346474d5347524154452c522c5254434d332d313030352a34310d
      0a
      text "$PQTMCFGMSGRATE,R,RTCM3-1005*41\r\n"
    write "PQTMCFGMSGRATE,W,RTCM3-107X,1,0" 37
      245051544d4346474d5347524154452c572c5254434d332d313037582c312c30
      2a32460d0a
      text "$PQTMCFGMSGRATE,W,RTCM3-107X,1,0*2F\r\n"
    write "PQTMCFGMSGRATE,R,RTCM3-107X,0" 35
      245051544d4346474d5347524154452c522c5254434d332d313037582c302a33
      370d0a
      text "$PQTMCFGMSGRATE,R,RTCM3-107X,0*37\r\n"
    write "PQTMCFGMSGRATE,W,GGA,1" 28
      245051544d4346474d5347524154452c572c4747412c312a30410d0a
      text "$PQTMCFGMSGRATE,W,GGA,1*0A\r\n"
    write "PQTMCFGMSGRATE,R,GGA" 26
      245051544d4346474d5347524154452c522c4747412a31320d0a
      text "$PQTMCFGMSGRATE,R,GGA*12\r\n"
    write "PQTMCFGMSGRATE,W,GST,1" 28
      245051544d4346474d5347524154452c572c4753542c312a30420d0a
      text "$PQTMCFGMSGRATE,W,GST,1*0B\r\n"
    write "PQTMCFGMSGRATE,R,GST" 26
      245051544d4346474d5347524154452c522c4753542a31330d0a
      text "$PQTMCFGMSGRATE,R,GST*13\r\n"
    write "PQTMCFGMSGRATE,W,GSA,1" 28
      245051544d4346474d5347524154452c572c4753412c312a31450d0a
      text "$PQTMCFGMSGRATE,W,GSA,1*1E\r\n"
    write "PQTMCFGMSGRATE,R,GSA" 26
      245051544d4346474d5347524154452c522c4753412a30360d0a
      text "$PQTMCFGMSGRATE,R,GSA*06\r\n"
    write "PQTMCFGMSGRATE,W,GSV,1" 28 status=timed-out accepted=28 written=4
      245051544d4346474d5347524154452c572c4753562c312a30390d0a
      text "$PQTMCFGMSGRATE,W,GSV,1*09\r\n"
  evidence
    "PQTMVERNO" readback-verified required accepted=15 written=15 uncertain=0 elapsed=1ms
    "PQTMCFGRCVRMODE,R" readback-verified required accepted=23 written=23 uncertain=0 elapsed=1ms
    "PQTMCFGFIXRATE,R" readback-verified required accepted=22 written=22 uncertain=0 elapsed=1ms
    "PQTMCFGSVIN,R" readback-verified required accepted=19 written=19 uncertain=0 elapsed=1ms
    "PQTMCFGSVIN,W (survey restart)" acknowledged required accepted=54 written=54 uncertain=0 elapsed=1ms
    "PQTMSRR" written required accepted=13 written=13 uncertain=0 elapsed=0ms
    "PQTMVERNO" readback-verified required accepted=15 written=15 uncertain=0 elapsed=1ms
    "PQTMCFGRCVRMODE,R" readback-verified required accepted=23 written=23 uncertain=0 elapsed=1ms
    "PQTMCFGFIXRATE,R" readback-verified required accepted=22 written=22 uncertain=0 elapsed=1ms
    "PQTMCFGSVIN,R" readback-verified required accepted=19 written=19 uncertain=0 elapsed=1ms
    "PQTMCFGMSGRATE,W,PQTMSVINSTATUS,1,1" acknowledged required accepted=41 written=41 uncertain=0 elapsed=1ms
    "PQTMCFGMSGRATE,R,PQTMSVINSTATUS,1" readback-verified required accepted=39 written=39 uncertain=0 elapsed=1ms
    "PQTMCFGMSGRATE,W,RTCM3-1005,1" acknowledged required accepted=35 written=35 uncertain=0 elapsed=1ms
    "PQTMCFGMSGRATE,R,RTCM3-1005" readback-verified required accepted=33 written=33 uncertain=0 elapsed=1ms
    "PQTMCFGMSGRATE,W,RTCM3-107X,1,0" acknowledged required accepted=37 written=37 uncertain=0 elapsed=1ms
    "PQTMCFGMSGRATE,R,RTCM3-107X,0" readback-verified required accepted=35 written=35 uncertain=0 elapsed=1ms
    "PQTMCFGMSGRATE,W,GGA,1" acknowledged required accepted=28 written=28 uncertain=0 elapsed=1ms
    "PQTMCFGMSGRATE,R,GGA" readback-verified required accepted=26 written=26 uncertain=0 elapsed=1ms
    "PQTMCFGMSGRATE,W,GST,1" acknowledged required accepted=28 written=28 uncertain=0 elapsed=1ms
    "PQTMCFGMSGRATE,R,GST" readback-verified required accepted=26 written=26 uncertain=0 elapsed=1ms
    "PQTMCFGMSGRATE,W,GSA,1" acknowledged required accepted=28 written=28 uncertain=0 elapsed=1ms
    "PQTMCFGMSGRATE,R,GSA" readback-verified required accepted=26 written=26 uncertain=0 elapsed=1ms
    "PQTMCFGMSGRATE,W,GSV,1" transport-error required accepted=28 written=4 uncertain=24 elapsed=0ms
  events
