about Receiver rejects position averaging (base mode)
request type=femto role=rtk-base mode=survey-in accuracy=1.0000m duration=60s compact=0 persistent=0 baud=0
configure configured=0 baud=0->115200 failure=protocol ready=0 elapsed=0ms
  error "Femtomes receiver rejected 'POSAVE ON'"
  baud 115200 configured
  write "UNLOGALL THISPORT" 19 acknowledged required
    text "UNLOGALL THISPORT\r\n"
  write "VERSION" 9 acknowledged required
    text "VERSION\r\n"
  write "POSAVE ON" 12 rejected required
    text "POSAVE ON \r\n"
