about Identity reports unknown hardware
request type=ublox role=rtk-base mode=survey-in accuracy=1.0000m duration=60s compact=0 persistent=0 baud=0
configure configured=0 baud=0->0 failure=protocol ready=0 elapsed=4060ms
  identity "ZED-F9P HPG 1.32"
  error "Unsupported u-blox receiver: hardware version UNKN0WN!, protocol version 27.31"
  baud 38400 configured
  write "UBX-MON-VER" 8 timed-out required
    b5620a0400000e34
  baud 57600 configured
  write "UBX-MON-VER" 8 timed-out required
    b5620a0400000e34
  baud 9600 configured
  write "UBX-MON-VER" 8 acknowledged required
    b5620a0400000e34
