# Pinned native GPS protocol behaviour. Rewrite only for a justified change (QGC_GPS_GOLDEN_UPDATE=1).
golden unicore/cancelled
about Stop requested during configuration
request type=unicore role=rtk-base mode=averaging maximum=5s compact=0 persistent=0 baud=0
stream-step 1 bytes=135 duration=2000ms
stream-step 2 bytes=39 duration=5000ms
stream-step 3 bytes=25 duration=2000ms
configure
  result configured=0 baud=0->115200 failure=cancelled ready=0 elapsed=0ms
  identity "UM982 R4.10Build15434"
  error "Receiver configuration failed"
  wire
    baud 115200 configured
    write "VERSIONA" 10
      56455253494f4e410d0a
      text "VERSIONA\r\n"
    write "UNLOG" 7
      554e4c4f470d0a
      text "UNLOG\r\n"
    write "MODE ROVER" 12
      4d4f444520524f5645520d0a
      text "MODE ROVER\r\n"
    write "MODE" 6
      4d4f44450d0a
      text "MODE\r\n"
    write "GPGGA 1" 9
      475047474120310d0a
      text "GPGGA 1\r\n"
  evidence
    "VERSIONA" readback-verified required accepted=10 written=10 uncertain=0 elapsed=0ms
    "UNLOG" acknowledged required accepted=7 written=7 uncertain=0 elapsed=0ms
    "MODE ROVER" acknowledged required accepted=12 written=12 uncertain=0 elapsed=0ms
    "MODE" readback-verified required accepted=6 written=6 uncertain=0 elapsed=0ms
    "GPGGA 1" cancelled required accepted=9 written=9 uncertain=0 elapsed=0ms
  events
    survey active=0 valid=0 duration=0s accuracy=- lat=nan lon=nan alt=nan receipt=1
