# Pinned native GPS protocol behaviour. Rewrite only for a justified change (QGC_GPS_GOLDEN_UPDATE=1).
golden unicore/version-timeout
about Receiver never answers the version query (identity)
request type=unicore role=rtk-base mode=averaging maximum=5s compact=0 persistent=0 baud=0
stream-step 1 bytes=135 duration=2000ms
stream-step 2 bytes=39 duration=5000ms
stream-step 3 bytes=25 duration=2000ms
configure
  result configured=0 baud=0->0 failure=none ready=0 elapsed=12000ms
  identity ""
  error "Unicore command 'VERSIONA' timed out"
  wire
    baud 115200 configured
    write "VERSIONA" 10
      56455253494f4e410d0a
      text "VERSIONA\r\n"
    baud 230400 configured
    write "VERSIONA" 10
      56455253494f4e410d0a
      text "VERSIONA\r\n"
    baud 460800 configured
    write "VERSIONA" 10
      56455253494f4e410d0a
      text "VERSIONA\r\n"
    baud 921600 configured
    write "VERSIONA" 10
      56455253494f4e410d0a
      text "VERSIONA\r\n"
    baud 57600 configured
    write "VERSIONA" 10
      56455253494f4e410d0a
      text "VERSIONA\r\n"
    baud 38400 configured
    write "VERSIONA" 10
      56455253494f4e410d0a
      text "VERSIONA\r\n"
    baud 19200 configured
    write "VERSIONA" 10
      56455253494f4e410d0a
      text "VERSIONA\r\n"
    baud 9600 configured
    write "VERSIONA" 10
      56455253494f4e410d0a
      text "VERSIONA\r\n"
  evidence
    "VERSIONA" timed-out required accepted=10 written=10 uncertain=0 elapsed=1500ms
    "VERSIONA" timed-out required accepted=10 written=10 uncertain=0 elapsed=1500ms
    "VERSIONA" timed-out required accepted=10 written=10 uncertain=0 elapsed=1500ms
    "VERSIONA" timed-out required accepted=10 written=10 uncertain=0 elapsed=1500ms
    "VERSIONA" timed-out required accepted=10 written=10 uncertain=0 elapsed=1500ms
    "VERSIONA" timed-out required accepted=10 written=10 uncertain=0 elapsed=1500ms
    "VERSIONA" timed-out required accepted=10 written=10 uncertain=0 elapsed=1500ms
    "VERSIONA" timed-out required accepted=10 written=10 uncertain=0 elapsed=1500ms
  events
    survey active=0 valid=0 duration=0s accuracy=- lat=nan lon=nan alt=nan receipt=1
