about Receiver rejects the port query
request type=trimble role=rtk-base mode=survey-in accuracy=1.0000m duration=100s compact=0 persistent=0 baud=0
configure configured=0 baud=115200->115200 failure=protocol ready=0 elapsed=0ms
  error "Trimble receiver rejected '$PASHQ,PRT'"
  baud 115200 configured
  write "$PASHQ,PRT" 12 rejected required
    text "$PASHQ,PRT\r\n"
  write "$PASHQ,PRT" 12 rejected required
    text "$PASHQ,PRT\r\n"
