about Receiver rejects an RTCM output message
request type=trimble role=rtk-base mode=fixed lat=47.00000000 lon=8.00000000 alt=500.0000 accuracy=1.00000m compact=0 persistent=0 baud=0
configure configured=1 baud=115200->115200 failure=none ready=1 elapsed=0ms
  identity "MB2"
  baud 115200 configured
  write "$PASHQ,PRT" 12 acknowledged required
    text "$PASHQ,PRT\r\n"
  write "$PASHQ,RID" 12 acknowledged required
    text "$PASHQ,RID\r\n"
  write "$PASHS,POP,20" 15 acknowledged optional
    text "$PASHS,POP,20\r\n"
  write "$PASHS,SNS,SOL" 16 acknowledged optional
    text "$PASHS,SNS,SOL\r\n"
  write "$PASHS,NME,ALL,A,OFF" 22 acknowledged optional
    text "$PASHS,NME,ALL,A,OFF\r\n"
  write "$PASHS,ATM,ALL,A,OFF" 22 acknowledged optional
    text "$PASHS,ATM,ALL,A,OFF\r\n"
  write "$PASHS,OUT,A,ON" 17 acknowledged optional
    text "$PASHS,OUT,A,ON\r\n"
  write "$PASHS,NME,ZDA,A,ON,3" 23 acknowledged optional
    text "$PASHS,NME,ZDA,A,ON,3\r\n"
  write "$PASHS,NME,GST,A,ON,3" 23 acknowledged optional
    text "$PASHS,NME,GST,A,ON,3\r\n"
  write "$PASHS,NME,POS,A,ON,0.05" 26 acknowledged optional
    text "$PASHS,NME,POS,A,ON,0.05\r\n"
  write "$PASHS,NME,GSV,A,ON,1" 23 acknowledged optional
    text "$PASHS,NME,GSV,A,ON,1\r\n"
  survey active=1 valid=0 duration=0s accuracy=- lat=nan lon=nan alt=nan receipt=1
stream failure=protocol ready=0
  write "$PASHS,POS (fixed position)" 57 acknowledged required
    text "$PASHS,POS,4700.00000000,N,800.00000000,E,500.00000,PC1\r\n"
  write "$PASHS,NME,POS,A,ON,0.2" 25 acknowledged required
    text "$PASHS,NME,POS,A,ON,0.2\r\n"
  write "$PASHS,RT3,1074,A,ON,1" 24 rejected required
    text "$PASHS,RT3,1074,A,ON,1\r\n"
  position fix=rtk-float lat=47.00000000 lon=8.00000000 msl=nan ellipsoid=500.0000 hacc=0.6403 vacc=0.9000 hdop=1.000 vdop=1.000 speed=5.1444 course=1.570796 used=12 utc=1325072701000000 velocity=1 receipt=1
