 libxbee

 Timestamp is 4e2eb2df (Tue Jul 26 14:28:15 2011)

 Preferred load address is 10000000

 Start         Length     Name                   Class
 0001:00000000 00019a38H .text                   CODE
 0002:00000000 00000188H .idata$5                DATA
 0002:00000188 00000004H .CRT$XCA                DATA
 0002:0000018c 00000004H .CRT$XCZ                DATA
 0002:00000190 00000004H .CRT$XIA                DATA
 0002:00000194 00000010H .CRT$XIC                DATA
 0002:000001a4 00000004H .CRT$XIZ                DATA
 0002:000001a8 00000004H .CRT$XPA                DATA
 0002:000001ac 00000004H .CRT$XPX                DATA
 0002:000001b0 00000004H .CRT$XPXA               DATA
 0002:000001b4 00000004H .CRT$XPZ                DATA
 0002:000001b8 00000004H .CRT$XTA                DATA
 0002:000001bc 00000004H .CRT$XTZ                DATA
 0002:000001c0 000022c0H .rdata                  DATA
 0002:00002480 0000000cH .rdata$sxdata           DATA
 0002:0000248c 00000004H .rtc$IAA                DATA
 0002:00002490 00000000H .rtc$IMZ                DATA
 0002:00002490 00000004H .rtc$IZZ                DATA
 0002:00002494 00000004H .rtc$TAA                DATA
 0002:00002498 00000000H .rtc$TMZ                DATA
 0002:00002498 00000004H .rtc$TZZ                DATA
 0002:000024a0 0000049cH .xdata$x                DATA
 0002:0000293c 0000003cH .idata$2                DATA
 0002:00002978 00000014H .idata$3                DATA
 0002:0000298c 00000188H .idata$4                DATA
 0002:00002b14 000006baH .idata$6                DATA
 0002:000031d0 000005a5H .edata                  DATA
 0003:00000000 000052f0H .data                   DATA
 0003:00005300 00001f44H .bss                    DATA
 0004:00000000 00000058H .rsrc$01                DATA
 0004:00000060 00000400H .rsrc$02                DATA

  Address         Publics by Value              Rva+Base       Lib:Object

 0000:00000000       __except_list              00000000     <absolute>
 0000:00000003       ___safe_se_handler_count   00000003     <absolute>
 0000:00000000       ___ImageBase               10000000     <linker-defined>
 0001:00000000       _ver@16                    10001000 f   api.obj
 0001:000000b0       _xbee_UNLOADALL@0          100010b0 f   api.obj
 0001:000000e0       _DllMain@12                100010e0 f   api.obj
 0001:00000120       _DllCanUnloadNow@0         10001120 f   api.obj
 0001:00000140       _RegWriteKey@24            10001140 f   api.obj
 0001:00000210       _DllRegisterServer@0       10001210 f   api.obj
 0001:000004b0       _DllUnregisterServer@0     100014b0 f   api.obj
 0001:00000670       _xbee_write@12             10001670 f   api.obj
 0001:00000720       _xbee_read@12              10001720 f   api.obj
 0001:000007d0       _xbee_free@4               100017d0 f   api.obj
 0001:00000800       _gettimeofday@8            10001800 f   api.obj
 0001:000008a0       _xbee_setupDebugAPI@20     100018a0 f   api.obj
 0001:000009b0       _xbee_setupDebug@12        100019b0 f   api.obj
 0001:000009e0       _xbee_newcon_simple@8      100019e0 f   api.obj
 0001:00000a00       _xbee_newcon_16bit@12      10001a00 f   api.obj
 0001:00000a30       _xbee_newcon_64bit@16      10001a30 f   api.obj
 0001:00000a60       _xbee_enableACKwait@4      10001a60 f   api.obj
 0001:00000a80       _xbee_disableACKwait@4     10001a80 f   api.obj
 0001:00000aa0       _xbee_enableDestroySelf@4  10001aa0 f   api.obj
 0001:00000ac0       _xbee_callback@8           10001ac0 f   api.obj
 0001:00000c70       _xbee_runCallback@12       10001c70 f   api.obj
 0001:00000ca0       _xbee_enableCallbacks@8    10001ca0 f   api.obj
 0001:00000df0       _xbee_attachCallback@4     10001df0 f   api.obj
 0001:00000ea0       _xbee_detachCallback@4     10001ea0 f   api.obj
 0001:00000f50       _xbee_svn_version@0        10001f50 f   api.obj
 0001:00000fc0       _xbee_build_info@0         10001fc0 f   api.obj
 0001:00000fd0       _xbee_hasdigital@12        10001fd0 f   api.obj
 0001:00001030       _xbee_getdigital@12        10002030 f   api.obj
 0001:00001090       _xbee_hasanalog@12         10002090 f   api.obj
 0001:000010f0       _xbee_getanalog@20         100020f0 f   api.obj
 0001:00001270       _xbee_logitf               10002270 f   api.obj
 0001:00001320       __xbee_logitf              10002320 f   api.obj
 0001:000013d0       _xbee_logit@4              100023d0 f   api.obj
 0001:000013f0       __xbee_logit@8             100023f0 f   api.obj
 0001:00001470       _xbee_end@0                10002470 f   api.obj
 0001:00001490       __xbee_end@4               10002490 f   api.obj
 0001:00001a30       _xbee_setup@8              10002a30 f   api.obj
 0001:00001a60       __xbee_setup@8             10002a60 f   api.obj
 0001:00001a90       _xbee_setuplog@12          10002a90 f   api.obj
 0001:00001ac0       __xbee_setuplog@12         10002ac0 f   api.obj
 0001:00001af0       _xbee_setupAPI@16          10002af0 f   api.obj
 0001:00001b20       __xbee_setupAPI@16         10002b20 f   api.obj
 0001:00001b50       _xbee_setuplogAPI@20       10002b50 f   api.obj
 0001:00001ba0       __xbee_setuplogAPI@20      10002ba0 f   api.obj
 0001:00003820       _xbee_newcon               10004820 f   api.obj
 0001:00003870       __xbee_newcon              10004870 f   api.obj
 0001:000038c0       __xbee_vnewcon@16          100048c0 f   api.obj
 0001:000043f0       _xbee_purgecon@4           100053f0 f   api.obj
 0001:00004410       __xbee_purgecon@8          10005410 f   api.obj
 0001:00004590       _xbee_endcon2@8            10005590 f   api.obj
 0001:000045c0       __xbee_endcon2@12          100055c0 f   api.obj
 0001:00004880       _xbee_senddata             10005880 f   api.obj
 0001:000048d0       __xbee_senddata            100058d0 f   api.obj
 0001:00004920       _xbee_vsenddata@12         10005920 f   api.obj
 0001:00004950       __xbee_vsenddata@16        10005950 f   api.obj
 0001:00004a00       _xbee_nsenddata@12         10005a00 f   api.obj
 0001:00004a30       __xbee_nsenddata@16        10005a30 f   api.obj
 0001:000053a0       _xbee_getpacketwait@4      100063a0 f   api.obj
 0001:000053c0       __xbee_getpacketwait@8     100063c0 f   api.obj
 0001:00005440       _xbee_getpacket@4          10006440 f   api.obj
 0001:00005460       __xbee_getpacket@8         10006460 f   api.obj
 0001:00005ab0       _xbee_listen_stop@4        10006ab0 f   api.obj
 0001:0000a47f       _sprintf                   1000b47f f   LIBCMT:sprintf.obj
 0001:0000a503       @__security_check_cookie@4 1000b503 f   LIBCMT:secchk.obj
 0001:0000a512       __RTC_CheckEsp             1000b512 f   LIBCMT:_stack_.obj
 0001:0000a535       @_RTC_CheckStackVars@8     1000b535 f   LIBCMT:_stack_.obj
 0001:0000a591       _free                      1000b591 f   LIBCMT:free.obj
 0001:0000a5cb       __ftime64_s                1000b5cb f   LIBCMT:ftime64.obj
 0001:0000a73b       __ftime64                  1000b73b f   LIBCMT:ftime64.obj
 0001:0000a746       __get_errno_from_oserr     1000b746 f   LIBCMT:dosmap.obj
 0001:0000a788       __errno                    1000b788 f   LIBCMT:dosmap.obj
 0001:0000a79b       ___doserrno                1000b79b f   LIBCMT:dosmap.obj
 0001:0000a7ae       __dosmaperr                1000b7ae f   LIBCMT:dosmap.obj
 0001:0000af05       __open                     1000bf05 f   LIBCMT:open.obj
 0001:0000afc0       _strrchr                   1000bfc0 f   LIBCMT:strrchr.obj
 0001:0000aff0       __cfltcvt_init             1000bff0 f   LIBCMT:_fpinit_.obj
 0001:0000b050       __fpmath                   1000c050 f   LIBCMT:_fpinit_.obj
 0001:0000b069       _fprintf                   1000c069 f   LIBCMT:fprintf.obj
 0001:0000b175       __flush                    1000c175 f   LIBCMT:fflush.obj
 0001:0000b1dd       __fflush_nolock            1000c1dd f   LIBCMT:fflush.obj
 0001:0000b2ff       _fflush                    1000c2ff f   LIBCMT:fflush.obj
 0001:0000b352       __flushall                 1000c352 f   LIBCMT:fflush.obj
 0001:0000b35b       __fclose_nolock            1000c35b f   LIBCMT:fclose.obj
 0001:0000b3c8       _fclose                    1000c3c8 f   LIBCMT:fclose.obj
 0001:0000b43c       ___iob_func                1000c43c f   LIBCMT:_file.obj
 0001:0000b442       ___initstdio               1000c442 f   LIBCMT:_file.obj
 0001:0000b4f3       ___endstdio                1000c4f3 f   LIBCMT:_file.obj
 0001:0000b513       __lock_file                1000c513 f   LIBCMT:_file.obj
 0001:0000b554       __lock_file2               1000c554 f   LIBCMT:_file.obj
 0001:0000b586       __unlock_file              1000c586 f   LIBCMT:_file.obj
 0001:0000b5c2       __unlock_file2             1000c5c2 f   LIBCMT:_file.obj
 0001:0000b600       _strcpy                    1000c600 f   LIBCMT:strcat.obj
 0001:0000b610       _strcat                    1000c610 f   LIBCMT:strcat.obj
 0001:0000b700       _strlen                    1000c700 f   LIBCMT:strlen.obj
 0001:0000b78b       _setvbuf                   1000c78b f   LIBCMT:setvbuf.obj
 0001:0000b881       __get_sys_err_msg          1000c881 f i LIBCMT:perror.obj
 0001:0000b8a9       _perror                    1000c8a9 f   LIBCMT:perror.obj
 0001:0000b937       _strerror                  1000c937 f   LIBCMT:strerror.obj
 0001:0000b9a1       ___crtCorExitProcess       1000c9a1 f   LIBCMT:crt0dat.obj
 0001:0000b9cc       ___crtExitProcess          1000c9cc f   LIBCMT:crt0dat.obj
 0001:0000b9e4       __lockexit                 1000c9e4 f   LIBCMT:crt0dat.obj
 0001:0000b9ed       __unlockexit               1000c9ed f   LIBCMT:crt0dat.obj
 0001:0000b9f6       __init_pointers            1000c9f6 f   LIBCMT:crt0dat.obj
 0001:0000ba29       __initterm_e               1000ca29 f   LIBCMT:crt0dat.obj
 0001:0000ba4d       __cinit                    1000ca4d f   LIBCMT:crt0dat.obj
 0001:0000bc24       _exit                      1000cc24 f   LIBCMT:crt0dat.obj
 0001:0000bc3a       __exit                     1000cc3a f   LIBCMT:crt0dat.obj
 0001:0000bc50       __cexit                    1000cc50 f   LIBCMT:crt0dat.obj
 0001:0000bc5f       __amsg_exit                1000cc5f f   LIBCMT:crt0dat.obj
 0001:0000bc7d       _malloc                    1000cc7d f   LIBCMT:malloc.obj
 0001:0000bd11       _calloc                    1000cd11 f   LIBCMT:calloc.obj
 0001:0000bd51       _atol                      1000cd51 f   LIBCMT:atox.obj
 0001:0000bd67       _atoi                      1000cd67 f   LIBCMT:atox.obj
 0001:0000bd72       _strncmp                   1000cd72 f   LIBCMT:strncmp.obj
 0001:0000be40       _memset                    1000ce40 f   LIBCMT:memset.obj
 0001:0000bec0       _memcpy                    1000cec0 f   LIBCMT:memcpy.obj
 0001:0000c221       _memcmp                    1000d221 f   LIBCMT:memcmp.obj
 0001:0000d775       _realloc                   1000e775 f   LIBCMT:realloc.obj
 0001:0000d822       __CRT_INIT@12              1000e822 f   LIBCMT:dllcrt0.obj
 0001:0000da7c       __DllMainCRTStartup@12     1000ea7c f   LIBCMT:dllcrt0.obj
 0001:0000da9f       __flsbuf                   1000ea9f f   LIBCMT:_flsbuf.obj
 0001:0000dc03       ??0_LocaleUpdate@@QAE@PAUlocaleinfo_struct@@@Z 1000ec03 f i LIBCMT:output.obj
 0001:0000dd0a       __output_l                 1000ed0a f   LIBCMT:output.obj
 0001:0000e8b6       __initp_misc_invarg        1000f8b6 f   LIBCMT:invarg.obj
 0001:0000e8c5       __call_reportfault         1000f8c5 f   LIBCMT:invarg.obj
 0001:0000e9ee       __invoke_watson            1000f9ee f   LIBCMT:invarg.obj
 0001:0000ea13       __invalid_parameter        1000fa13 f   LIBCMT:invarg.obj
 0001:0000ea40       __invalid_parameter_noinfo 1000fa40 f   LIBCMT:invarg.obj
 0001:0000ea50       ___report_gsfailure        1000fa50 f   LIBCMT:gs_report.obj
 0001:0000ee0e       ?_RTC_Failure@@YAXPAXH@Z   1000fe0e f   LIBCMT:_error_.obj
 0001:0000ee49       ?_RTC_StackFailure@@YAXPAXPBD@Z 1000fe49 f   LIBCMT:_error_.obj
 0001:0000ef3c       ?_RTC_GetErrorFunc@@YAP6AHHPBDH00ZZPBX@Z 1000ff3c f   LIBCMT:_userapi_.obj
 0001:0000ef42       ?_RTC_GetErrorFuncW@@YAP6AHHPB_WH00ZZPBX@Z 1000ff42 f   LIBCMT:_userapi_.obj
 0001:0000ef48       __heap_init                1000ff48 f   LIBCMT:heapinit.obj
 0001:0000ef66       __heap_term                1000ff66 f   LIBCMT:heapinit.obj
 0001:0000ef7a       __get_daylight             1000ff7a f   LIBCMT:timeset.obj
 0001:0000efa7       __get_dstbias              1000ffa7 f   LIBCMT:timeset.obj
 0001:0000efd4       __get_timezone             1000ffd4 f   LIBCMT:timeset.obj
 0001:0000f001       ___daylight                10010001 f   LIBCMT:timeset.obj
 0001:0000f007       ___dstbias                 10010007 f   LIBCMT:timeset.obj
 0001:0000f00d       ___timezone                1001000d f   LIBCMT:timeset.obj
 0001:0000f013       ___tzname                  10010013 f   LIBCMT:timeset.obj
 0001:0000f32c       ___tzset                   1001032c f   LIBCMT:tzset.obj
 0001:0000f380       __aullrem                  10010380 f   LIBCMT:ullrem.obj
 0001:0000f400       __aulldiv                  10010400 f   LIBCMT:ulldiv.obj
 0001:0000f468       __encoded_null             10010468 f   LIBCMT:tidtable.obj
 0001:0000f471       ___crtTlsAlloc@4           10010471 f   LIBCMT:tidtable.obj
 0001:0000f47a       ___set_flsgetvalue         1001047a f   LIBCMT:tidtable.obj
 0001:0000f4ae       __mtterm                   100104ae f   LIBCMT:tidtable.obj
 0001:0000f4eb       __initptd                  100104eb f   LIBCMT:tidtable.obj
 0001:0000f59f       __getptd_noexit            1001059f f   LIBCMT:tidtable.obj
 0001:0000f618       __getptd                   10010618 f   LIBCMT:tidtable.obj
 0001:0000f632       __freefls@4                10010632 f   LIBCMT:tidtable.obj
 0001:0000f761       __freeptd                  10010761 f   LIBCMT:tidtable.obj
 0001:0000f7cf       __mtinit                   100107cf f   LIBCMT:tidtable.obj
 0001:0000f94a       __set_osfhnd               1001094a f   LIBCMT:osfinfo.obj
 0001:0000f9cb       __free_osfhnd              100109cb f   LIBCMT:osfinfo.obj
 0001:0000fa51       __get_osfhandle            10010a51 f   LIBCMT:osfinfo.obj
 0001:0000faba       ___lock_fhandle            10010aba f   LIBCMT:osfinfo.obj
 0001:0000fb59       __unlock_fhandle           10010b59 f   LIBCMT:osfinfo.obj
 0001:0000fb80       __alloc_osfhnd             10010b80 f   LIBCMT:osfinfo.obj
 0001:0000fd19       __write_nolock             10010d19 f   LIBCMT:write.obj
 0001:00010416       __write                    10011416 f   LIBCMT:write.obj
 0001:000104ea       __lseeki64_nolock          100114ea f   LIBCMT:lseeki64.obj
 0001:0001056f       __lseeki64                 1001156f f   LIBCMT:lseeki64.obj
 0001:00010659       __chsize_nolock            10011659 f   LIBCMT:chsize.obj
 0001:0001080f       __read_nolock              1001180f f   LIBCMT:read.obj
 0001:00010dc6       __close_nolock             10011dc6 f   LIBCMT:close.obj
 0001:00010e62       __close                    10011e62 f   LIBCMT:close.obj
 0001:00010f26       __lseek_nolock             10011f26 f   LIBCMT:lseek.obj
 0001:00010f9b       __ioinit                   10011f9b f   LIBCMT:ioinit.obj
 0001:000111e0       __ioterm                   100121e0 f   LIBCMT:ioinit.obj
 0001:00011233       __setmode_nolock           10012233 f   LIBCMT:setmode.obj
 0001:000112ee       __get_fmode                100122ee f   LIBCMT:setmode.obj
 0001:00011320       __SEH_prolog4              10012320 f   LIBCMT:sehprolg4.obj
 0001:00011365       __SEH_epilog4              10012365 f   LIBCMT:sehprolg4.obj
 0001:00011380       __except_handler4          10012380 f   LIBCMT:chandler4.obj
 0001:0001150f       __forcdecpt_l              1001250f f   LIBCMT:cvt.obj
 0001:00011583       __cropzeros_l              10012583 f   LIBCMT:cvt.obj
 0001:00011605       __positive                 10012605 f   LIBCMT:cvt.obj
 0001:00011621       __fassign_l                10012621 f   LIBCMT:cvt.obj
 0001:00011663       __fassign                  10012663 f   LIBCMT:cvt.obj
 0001:0001169c       __forcdecpt                1001269c f   LIBCMT:cvt.obj
 0001:000116af       __cropzeros                100126af f   LIBCMT:cvt.obj
 0001:00011823       __cftoe_l                  10012823 f   LIBCMT:cvt.obj
 0001:000118ea       __cftoe                    100128ea f   LIBCMT:cvt.obj
 0001:0001190a       __cftoa_l                  1001290a f   LIBCMT:cvt.obj
 0001:00011d83       __cftof_l                  10012d83 f   LIBCMT:cvt.obj
 0001:00011e44       __cftog_l                  10012e44 f   LIBCMT:cvt.obj
 0001:00011f31       __cfltcvt_l                10012f31 f   LIBCMT:cvt.obj
 0001:00011fb9       __cfltcvt                  10012fb9 f   LIBCMT:cvt.obj
 0001:00011fdc       __initp_misc_cfltcvt_tab   10012fdc f   LIBCMT:cmiscdat.obj
 0001:00011fff       __setdefaultprecision      10012fff f   LIBCMT:fp8.obj
 0001:00012027       __stbuf                    10013027 f   LIBCMT:_sftbuf.obj
 0001:000120c3       __ftbuf                    100130c3 f   LIBCMT:_sftbuf.obj
 0001:000120f7       __fileno                   100130f7 f   LIBCMT:fileno.obj
 0001:0001211d       __vsnprintf_l              1001311d f   LIBCMT:vsnprint.obj
 0001:000121c9       __vsnprintf                100131c9 f   LIBCMT:vsnprint.obj
 0001:000121c9       _vsnprintf                 100131c9 f   LIBCMT:vsnprint.obj
 0001:000121e6       __commit                   100131e6 f   LIBCMT:commit.obj
 0001:000122bf       __mtinitlocks              100132bf f   LIBCMT:mlock.obj
 0001:00012309       __mtdeletelocks            10013309 f   LIBCMT:mlock.obj
 0001:00012360       __unlock                   10013360 f   LIBCMT:mlock.obj
 0001:00012377       __mtinitlocknum            10013377 f   LIBCMT:mlock.obj
 0001:00012439       __lock                     10013439 f   LIBCMT:mlock.obj
 0001:0001246c       __freebuf                  1001346c f   LIBCMT:_freebuf.obj
 0001:0001249d       __malloc_crt               1001349d f   LIBCMT:crtheap.obj
 0001:000124e2       __calloc_crt               100134e2 f   LIBCMT:crtheap.obj
 0001:0001252e       __realloc_crt              1001352e f   LIBCMT:crtheap.obj
 0001:0001257c       __recalloc_crt             1001357c f   LIBCMT:crtheap.obj
 0001:000125ce       __fcloseall                100135ce f   LIBCMT:closeall.obj
 0001:0001266a       ___sys_nerr                1001366a f   LIBCMT:syserr.obj
 0001:00012670       ___sys_errlist             10013670 f   LIBCMT:syserr.obj
 0001:00012676       _strcpy_s                  10013676 f   LIBCMT:strcpy_s.obj
 0001:000126d5       _strncpy_s                 100136d5 f   LIBCMT:strncpy_s.obj
 0001:0001278a       ?terminate@@YAXXZ          1001378a f   LIBCMT:hooks.obj
 0001:000127c3       __initp_eh_hooks           100137c3 f   LIBCMT:hooks.obj
 0001:000127d4       __initp_misc_winsig        100137d4 f   LIBCMT:winsig.obj
 0001:00012829       ___get_sigabrt             10013829 f   LIBCMT:winsig.obj
 0001:00012836       _raise                     10013836 f   LIBCMT:winsig.obj
 0001:000129d9       __initp_misc_rand_s        100139d9 f   LIBCMT:rand_s.obj
 0001:000129e8       __initp_misc_purevirt      100139e8 f   LIBCMT:inithelp.obj
 0001:000129f7       __initp_heap_handler       100139f7 f   LIBCMT:handler.obj
 0001:00012a06       __callnewh                 10013a06 f   LIBCMT:handler.obj
 0001:00012ae4       ___onexitinit              10013ae4 f   LIBCMT:onexit.obj
 0001:00012b15       __onexit                   10013b15 f   LIBCMT:onexit.obj
 0001:00012b51       _atexit                    10013b51 f   LIBCMT:onexit.obj
 0001:00012b68       __RTC_Initialize           10013b68 f   LIBCMT:_initsect_.obj
 0001:00012b8e       __RTC_Terminate            10013b8e f   LIBCMT:_initsect_.obj
 0001:00012bc0       __ValidateImageBase        10013bc0 f   LIBCMT:pesect.obj
 0001:00012c00       __FindPESection            10013c00 f   LIBCMT:pesect.obj
 0001:00012c50       __IsNonwritableInCurrentImage 10013c50 f   LIBCMT:pesect.obj
 0001:00012d0c       __GET_RTERRMSG             10013d0c f   LIBCMT:crt0msg.obj
 0001:00012d32       __NMSG_WRITE               10013d32 f   LIBCMT:crt0msg.obj
 0001:00012ee1       __FF_MSGBANNER             10013ee1 f   LIBCMT:crt0msg.obj
 0001:00012f1a       __calloc_impl              10013f1a f   LIBCMT:calloc_impl.obj
 0001:000131c7       _strtol                    100141c7 f   LIBCMT:strtol.obj
 0001:000131f2       __VEC_memzero              100141f2 f   LIBCMT:p4_memset.obj
 0001:000132ac       ___sse2_available_init     100142ac f   LIBCMT:cpu_disp.obj
 0001:000132bc       __VEC_memcpy               100142bc f   LIBCMT:p4_memcpy.obj
 0001:000133bf       __setenvp                  100143bf f   LIBCMT:stdenvp.obj
 0001:00013635       __setargv                  10014635 f   LIBCMT:stdargv.obj
 0001:000136f0       ___crtGetEnvironmentStringsA 100146f0 f   LIBCMT:a_env.obj
 0001:00013787       __XcptFilter               10014787 f   LIBCMT:winxfltr.obj
 0001:000138d1       ___CppXcptFilter           100148d1 f   LIBCMT:winxfltr.obj
 0001:000138f1       ___security_init_cookie    100148f1 f   LIBCMT:gs_support.obj
 0001:0001398c       __getbuf                   1001498c f   LIBCMT:_getbuf.obj
 0001:000139d5       __isatty                   100149d5 f   LIBCMT:isatty.obj
 0001:00013c4e       ___updatetmbcinfo          10014c4e f   LIBCMT:mbctype.obj
 0001:00013d6e       __setmbcp_nolock           10014d6e f   LIBCMT:mbctype.obj
 0001:00013f57       __setmbcp                  10014f57 f   LIBCMT:mbctype.obj
 0001:000140f1       ___initmbctable            100150f1 f   LIBCMT:mbctype.obj
 0001:0001410f       ___addlocaleref            1001510f f   LIBCMT:localref.obj
 0001:0001419e       ___removelocaleref         1001519e f   LIBCMT:localref.obj
 0001:00014237       ___freetlocinfo            10015237 f   LIBCMT:localref.obj
 0001:00014382       __updatetlocinfoEx_nolock  10015382 f   LIBCMT:localref.obj
 0001:000143cf       ___updatetlocinfo          100153cf f   LIBCMT:localref.obj
 0001:00014448       __get_printf_count_output  10015448 f   LIBCMT:printf.obj
 0001:0001445e       __wctomb_s_l               1001545e f   LIBCMT:wctomb.obj
 0001:000145b3       _wctomb_s                  100155b3 f   LIBCMT:wctomb.obj
 0001:000145d0       __isleadbyte_l             100155d0 f i LIBCMT:_wctype.obj
 0001:00014608       _isleadbyte                10015608 f i LIBCMT:_wctype.obj
 0001:00014620       __aulldvrm                 10015620 f   LIBCMT:ulldvrm.obj
 0001:000146b5       __crt_debugger_hook        100156b5 f   LIBCMT:dbghook.obj
 0001:00014849       ?_RTC_GetSrcLine@@YAHPAEPA_WKPAH1K@Z 10015849 f   LIBCMT:_pdblkup_.obj
 0001:00014ad0       _strcmp                    10015ad0 f   LIBCMT:strcmp.obj
 0001:00014b58       __getenv_helper_nolock     10015b58 f   LIBCMT:getenv.obj
 0001:00014bdf       ____lc_codepage_func       10015bdf f   LIBCMT:initctyp.obj
 0001:00014c05       __putwch_nolock            10015c05 f   LIBCMT:putwch.obj
 0001:00014c47       __mbtowc_l                 10015c47 f   LIBCMT:mbtowc.obj
 0001:00014d5d       _mbtowc                    10015d5d f   LIBCMT:mbtowc.obj
 0001:00014d80       __chkstk                   10015d80 f   LIBCMT:chkstk.obj
 0001:00014d80       __alloca_probe             10015d80     LIBCMT:chkstk.obj
 0001:00014db0       __local_unwind4            10015db0 f   LIBCMT:exsup4.obj
 0001:00014e86       __seh_longjmp_unwind4@4    10015e86 f   LIBCMT:exsup4.obj
 0001:00014ea2       @_EH4_CallFilterFunc@8     10015ea2 f   LIBCMT:exsup4.obj
 0001:00014eb9       @_EH4_TransferToHandler@8  10015eb9 f   LIBCMT:exsup4.obj
 0001:00014ed2       @_EH4_GlobalUnwind2@8      10015ed2 f   LIBCMT:exsup4.obj
 0001:00014eeb       @_EH4_LocalUnwind@16       10015eeb f   LIBCMT:exsup4.obj
 0001:00014f02       __isdigit_l                10015f02 f i LIBCMT:_ctype.obj
 0001:00014f53       _isdigit                   10015f53 f i LIBCMT:_ctype.obj
 0001:00014f81       __tolower_l                10015f81 f   LIBCMT:tolower.obj
 0001:00015096       _tolower                   10016096 f   LIBCMT:tolower.obj
 0001:000150c2       __atodbl_l                 100160c2 f   LIBCMT:atodbl.obj
 0001:0001516a       __atoflt_l                 1001616a f   LIBCMT:atodbl.obj
 0001:00015220       _memmove                   10016220 f   LIBCMT:memmove.obj
 0001:00015581       __fptostr                  10016581 f   LIBCMT:_fptostr.obj
 0001:00015634       ___dtold                   10016634 f   LIBCMT:_cfout_.obj
 0001:000156e7       __fltout2                  100166e7 f   LIBCMT:_cfout_.obj
 0001:00015780       __alldvrm                  10016780 f   LIBCMT:lldvrm.obj
 0001:00015860       __aullshr                  10016860 f   LIBCMT:ullshr.obj
 0001:0001587f       __fptrap                   1001687f f   LIBCMT:crt0fp.obj
 0001:00015888       __controlfp_s              10016888 f   LIBCMT:_contrlfp_.obj
 0001:000158e7       __recalloc                 100168e7 f   LIBCMT:recalloc.obj
 0001:00015955       _abort                     10016955 f   LIBCMT:abort.obj
 0001:00015988       __freea                    10016988 f i LIBCMT:a_loc.obj
 0001:000159a8       __msize                    100169a8 f   LIBCMT:msize.obj
 0001:000159db       ___crtMessageBoxW          100169db f   LIBCMT:crtmboxw.obj
 0001:00015b47       _wcscat_s                  10016b47 f   LIBCMT:wcscat_s.obj
 0001:00015bbc       _wcsncpy_s                 10016bbc f   LIBCMT:wcsncpy_s.obj
 0001:00015c89       _wcslen                    10016c89 f   LIBCMT:wcslen.obj
 0001:00015ca4       _wcscpy_s                  10016ca4 f   LIBCMT:wcscpy_s.obj
 0001:00015d07       __set_error_mode           10016d07 f   LIBCMT:errmode.obj
 0001:00015d46       __isctype_l                10016d46 f   LIBCMT:isctype.obj
 0001:00015e00       __allmul                   10016e00 f   LIBCMT:llmul.obj
 0001:00015e87       __ismbblead                10016e87 f   LIBCMT:ismbbyte.obj
 0001:00016086       ___crtLCMapStringA         10017086 f   LIBCMT:a_map.obj
 0001:000161b3       ___crtGetStringTypeA       100171b3 f   LIBCMT:a_str.obj
 0001:000161f3       ___free_lc_time            100171f3 f   LIBCMT:inittime.obj
 0001:0001656a       ___free_lconv_num          1001756a f   LIBCMT:initnum.obj
 0001:000165d3       ___free_lconv_mon          100175d3 f   LIBCMT:initmon.obj
 0001:000166d1       __mbsnbicoll_l             100176d1 f   LIBCMT:mbsnbico.obj
 0001:000167af       __mbsnbicoll               100177af f   LIBCMT:mbsnbico.obj
 0001:000167c9       ___wtomb_environ           100177c9 f   LIBCMT:wtombenv.obj
 0001:00016860       ___initconout              10017860 f   LIBCMT:initcon.obj
 0001:0001687f       ___termconout              1001787f f   LIBCMT:initcon.obj
 0001:000168a0       __global_unwind2           100178a0 f   LIBCMT:exsup.obj
 0001:00016905       __local_unwind2            10017905 f   LIBCMT:exsup.obj
 0001:00016989       __abnormal_termination     10017989 f   LIBCMT:exsup.obj
 0001:000169ac       __NLG_Notify1              100179ac f   LIBCMT:exsup.obj
 0001:000169b5       __NLG_Notify               100179b5 f   LIBCMT:exsup.obj
 0001:000169cc       __NLG_Dispatch             100179cc     LIBCMT:exsup.obj
 0001:000169cc       __NLG_Dispatch2            100179cc     LIBCMT:exsup.obj
 0001:000169d4       __NLG_Call                 100179d4 f   LIBCMT:exsup.obj
 0001:000169d6       __NLG_Return2              100179d6     LIBCMT:exsup.obj
 0001:000169d7       __ld12tod                  100179d7 f   LIBCMT:_intrncvt_.obj
 0001:00016f28       __ld12tof                  10017f28 f   LIBCMT:_intrncvt_.obj
 0001:00017479       ___strgtold12_l            10018479 f   LIBCMT:_strgtold_.obj
 0001:00017b55       _$I10_OUTPUT               10018b55 f   LIBCMT:_x10fout_.obj
 0001:0001857b       __control87                1001957b f i LIBCMT:_ieee87_.obj
 0001:00018890       __alloca_probe_16          10019890 f   LIBCMT:alloca16.obj
 0001:000188a6       __alloca_probe_8           100198a6     LIBCMT:alloca16.obj
 0001:000188c0       _strcspn                   100198c0 f   LIBCMT:strcspn.obj
 0001:00018910       _strpbrk                   10019910 f   LIBCMT:strpbrk.obj
 0001:00018bbe       ___crtCompareStringA       10019bbe f   LIBCMT:a_cmp.obj
 0001:00018c00       __strnicoll_l              10019c00 f   LIBCMT:strnicol.obj
 0001:00018d9c       ___crtsetenv               10019d9c f   LIBCMT:setenv.obj
 0001:00018fde       ___mtold12                 10019fde f   LIBCMT:_mantold_.obj
 0001:000191c2       ___set_fpsr_sse2           1001a1c2 f   LIBCMT:_fpctrl_.obj
 0001:00019234       __strnicmp_l               1001a234 f   LIBCMT:strnicmp.obj
 0001:00019316       __strdup                   1001a316 f   LIBCMT:strdup.obj
 0001:00019368       __mbschr_l                 1001a368 f   LIBCMT:mbschr.obj
 0001:00019418       __mbschr                   1001a418 f   LIBCMT:mbschr.obj
 0001:00019430       ___ascii_strnicmp          1001a430 f   LIBCMT:_strnicm.obj
 0001:000194b0       _strchr                    1001a4b0 f   LIBCMT:strchr.obj
 0001:000194b6       ___from_strstr_to_strchr   1001a4b6     LIBCMT:strchr.obj
 0001:0001956e       _RtlUnwind@16              1001a56e f   kernel32:KERNEL32.dll
 0001:00019574       __fdopen                   1001a574 f   LIBCMT:fdopen.obj
 0001:00019574       _fdopen                    1001a574 f   LIBCMT:fdopen.obj
 0001:00019835       _dup                       1001a835 f   LIBCMT:dup.obj
 0001:00019835       __dup                      1001a835 f   LIBCMT:dup.obj
 0001:00019905       __getstream                1001a905 f   LIBCMT:stream.obj
 0002:00000000       __imp__RegSetValueExA@24   1001b000     Advapi32:ADVAPI32.dll
 0002:00000004       __imp__RegCreateKeyA@12    1001b004     Advapi32:ADVAPI32.dll
 0002:00000008       __imp__RegDeleteKeyA@8     1001b008     Advapi32:ADVAPI32.dll
 0002:0000000c       __imp__RegCloseKey@4       1001b00c     Advapi32:ADVAPI32.dll
 0002:00000010       \177ADVAPI32_NULL_THUNK_DATA 1001b010     Advapi32:ADVAPI32.dll
 0002:00000014       __imp__SetEnvironmentVariableA@8 1001b014     kernel32:KERNEL32.dll
 0002:00000018       __imp__CompareStringW@24   1001b018     kernel32:KERNEL32.dll
 0002:0000001c       __imp__lstrcpyA@8          1001b01c     kernel32:KERNEL32.dll
 0002:00000020       __imp__GetModuleFileNameA@12 1001b020     kernel32:KERNEL32.dll
 0002:00000024       __imp__lstrlenA@4          1001b024     kernel32:KERNEL32.dll
 0002:00000028       __imp__GetOverlappedResult@16 1001b028     kernel32:KERNEL32.dll
 0002:0000002c       __imp__GetLastError@0      1001b02c     kernel32:KERNEL32.dll
 0002:00000030       __imp__WriteFile@20        1001b030     kernel32:KERNEL32.dll
 0002:00000034       __imp__ReadFile@20         1001b034     kernel32:KERNEL32.dll
 0002:00000038       __imp__SetEvent@4          1001b038     kernel32:KERNEL32.dll
 0002:0000003c       __imp__WaitForSingleObject@8 1001b03c     kernel32:KERNEL32.dll
 0002:00000040       __imp__TerminateThread@8   1001b040     kernel32:KERNEL32.dll
 0002:00000044       __imp__CloseHandle@4       1001b044     kernel32:KERNEL32.dll
 0002:00000048       __imp__Sleep@4             1001b048     kernel32:KERNEL32.dll
 0002:0000004c       __imp__CreateThread@24     1001b04c     kernel32:KERNEL32.dll
 0002:00000050       __imp__CreateEventA@16     1001b050     kernel32:KERNEL32.dll
 0002:00000054       __imp__SetCommMask@8       1001b054     kernel32:KERNEL32.dll
 0002:00000058       __imp__SetCommTimeouts@8   1001b058     kernel32:KERNEL32.dll
 0002:0000005c       __imp__SetCommState@8      1001b05c     kernel32:KERNEL32.dll
 0002:00000060       __imp__GetCommState@8      1001b060     kernel32:KERNEL32.dll
 0002:00000064       __imp__CreateFileA@28      1001b064     kernel32:KERNEL32.dll
 0002:00000068       __imp__WaitCommEvent@12    1001b068     kernel32:KERNEL32.dll
 0002:0000006c       __imp__ClearCommError@12   1001b06c     kernel32:KERNEL32.dll
 0002:00000070       __imp__HeapFree@12         1001b070     kernel32:KERNEL32.dll
 0002:00000074       __imp__GetTimeZoneInformation@4 1001b074     kernel32:KERNEL32.dll
 0002:00000078       __imp__GetSystemTimeAsFileTime@4 1001b078     kernel32:KERNEL32.dll
 0002:0000007c       __imp__GetFileType@4       1001b07c     kernel32:KERNEL32.dll
 0002:00000080       __imp__EnterCriticalSection@4 1001b080     kernel32:KERNEL32.dll
 0002:00000084       __imp__LeaveCriticalSection@4 1001b084     kernel32:KERNEL32.dll
 0002:00000088       __imp__GetProcAddress@8    1001b088     kernel32:KERNEL32.dll
 0002:0000008c       __imp__GetModuleHandleW@4  1001b08c     kernel32:KERNEL32.dll
 0002:00000090       __imp__ExitProcess@4       1001b090     kernel32:KERNEL32.dll
 0002:00000094       __imp__DecodePointer@4     1001b094     kernel32:KERNEL32.dll
 0002:00000098       __imp__HeapAlloc@12        1001b098     kernel32:KERNEL32.dll
 0002:0000009c       __imp__HeapReAlloc@16      1001b09c     kernel32:KERNEL32.dll
 0002:000000a0       __imp__GetCurrentThreadId@0 1001b0a0     kernel32:KERNEL32.dll
 0002:000000a4       __imp__GetCommandLineA@0   1001b0a4     kernel32:KERNEL32.dll
 0002:000000a8       __imp__UnhandledExceptionFilter@4 1001b0a8     kernel32:KERNEL32.dll
 0002:000000ac       __imp__SetUnhandledExceptionFilter@4 1001b0ac     kernel32:KERNEL32.dll
 0002:000000b0       __imp__IsDebuggerPresent@0 1001b0b0     kernel32:KERNEL32.dll
 0002:000000b4       __imp__EncodePointer@4     1001b0b4     kernel32:KERNEL32.dll
 0002:000000b8       __imp__TerminateProcess@8  1001b0b8     kernel32:KERNEL32.dll
 0002:000000bc       __imp__GetCurrentProcess@0 1001b0bc     kernel32:KERNEL32.dll
 0002:000000c0       __imp__RaiseException@16   1001b0c0     kernel32:KERNEL32.dll
 0002:000000c4       __imp__WideCharToMultiByte@32 1001b0c4     kernel32:KERNEL32.dll
 0002:000000c8       __imp__MultiByteToWideChar@24 1001b0c8     kernel32:KERNEL32.dll
 0002:000000cc       __imp__LoadLibraryW@4      1001b0cc     kernel32:KERNEL32.dll
 0002:000000d0       __imp__HeapCreate@12       1001b0d0     kernel32:KERNEL32.dll
 0002:000000d4       __imp__HeapDestroy@4       1001b0d4     kernel32:KERNEL32.dll
 0002:000000d8       __imp__TlsAlloc@0          1001b0d8     kernel32:KERNEL32.dll
 0002:000000dc       __imp__TlsGetValue@4       1001b0dc     kernel32:KERNEL32.dll
 0002:000000e0       __imp__TlsSetValue@8       1001b0e0     kernel32:KERNEL32.dll
 0002:000000e4       __imp__TlsFree@4           1001b0e4     kernel32:KERNEL32.dll
 0002:000000e8       __imp__InterlockedIncrement@4 1001b0e8     kernel32:KERNEL32.dll
 0002:000000ec       __imp__SetLastError@4      1001b0ec     kernel32:KERNEL32.dll
 0002:000000f0       __imp__InterlockedDecrement@4 1001b0f0     kernel32:KERNEL32.dll
 0002:000000f4       __imp__SetStdHandle@8      1001b0f4     kernel32:KERNEL32.dll
 0002:000000f8       __imp__InitializeCriticalSectionAndSpinCount@8 1001b0f8     kernel32:KERNEL32.dll
 0002:000000fc       __imp__GetConsoleCP@0      1001b0fc     kernel32:KERNEL32.dll
 0002:00000100       __imp__GetConsoleMode@8    1001b100     kernel32:KERNEL32.dll
 0002:00000104       __imp__SetFilePointer@16   1001b104     kernel32:KERNEL32.dll
 0002:00000108       __imp__SetEndOfFile@4      1001b108     kernel32:KERNEL32.dll
 0002:0000010c       __imp__GetProcessHeap@0    1001b10c     kernel32:KERNEL32.dll
 0002:00000110       __imp__SetHandleCount@4    1001b110     kernel32:KERNEL32.dll
 0002:00000114       __imp__GetStdHandle@4      1001b114     kernel32:KERNEL32.dll
 0002:00000118       __imp__GetStartupInfoW@4   1001b118     kernel32:KERNEL32.dll
 0002:0000011c       __imp__DeleteCriticalSection@4 1001b11c     kernel32:KERNEL32.dll
 0002:00000120       __imp__FlushFileBuffers@4  1001b120     kernel32:KERNEL32.dll
 0002:00000124       __imp__FreeLibrary@4       1001b124     kernel32:KERNEL32.dll
 0002:00000128       __imp__GetModuleFileNameW@12 1001b128     kernel32:KERNEL32.dll
 0002:0000012c       __imp__IsProcessorFeaturePresent@4 1001b12c     kernel32:KERNEL32.dll
 0002:00000130       __imp__FreeEnvironmentStringsW@4 1001b130     kernel32:KERNEL32.dll
 0002:00000134       __imp__GetEnvironmentStringsW@0 1001b134     kernel32:KERNEL32.dll
 0002:00000138       __imp__QueryPerformanceCounter@4 1001b138     kernel32:KERNEL32.dll
 0002:0000013c       __imp__GetTickCount@0      1001b13c     kernel32:KERNEL32.dll
 0002:00000140       __imp__GetCurrentProcessId@0 1001b140     kernel32:KERNEL32.dll
 0002:00000144       __imp__GetCPInfo@8         1001b144     kernel32:KERNEL32.dll
 0002:00000148       __imp__GetACP@0            1001b148     kernel32:KERNEL32.dll
 0002:0000014c       __imp__GetOEMCP@0          1001b14c     kernel32:KERNEL32.dll
 0002:00000150       __imp__IsValidCodePage@4   1001b150     kernel32:KERNEL32.dll
 0002:00000154       __imp__VirtualQuery@12     1001b154     kernel32:KERNEL32.dll
 0002:00000158       __imp__WriteConsoleW@20    1001b158     kernel32:KERNEL32.dll
 0002:0000015c       __imp__RtlUnwind@16        1001b15c     kernel32:KERNEL32.dll
 0002:00000160       __imp__HeapSize@12         1001b160     kernel32:KERNEL32.dll
 0002:00000164       __imp__LCMapStringW@24     1001b164     kernel32:KERNEL32.dll
 0002:00000168       __imp__GetStringTypeW@16   1001b168     kernel32:KERNEL32.dll
 0002:0000016c       __imp__CreateFileW@28      1001b16c     kernel32:KERNEL32.dll
 0002:00000170       __imp__DuplicateHandle@28  1001b170     kernel32:KERNEL32.dll
 0002:00000174       \177KERNEL32_NULL_THUNK_DATA 1001b174     kernel32:KERNEL32.dll
 0002:00000178       __imp__wsprintfA           1001b178     User32:USER32.dll
 0002:0000017c       __imp__MessageBoxA@16      1001b17c     User32:USER32.dll
 0002:00000180       __imp__SendMessageA@16     1001b180     User32:USER32.dll
 0002:00000184       \177USER32_NULL_THUNK_DATA 1001b184     User32:USER32.dll
 0002:00000188       ___xc_a                    1001b188     LIBCMT:crt0init.obj
 0002:0000018c       ___xc_z                    1001b18c     LIBCMT:crt0init.obj
 0002:00000190       ___xi_a                    1001b190     LIBCMT:crt0init.obj
 0002:000001a4       ___xi_z                    1001b1a4     LIBCMT:crt0init.obj
 0002:000001a8       ___xp_a                    1001b1a8     LIBCMT:crt0init.obj
 0002:000001b4       ___xp_z                    1001b1b4     LIBCMT:crt0init.obj
 0002:000001b8       ___xt_a                    1001b1b8     LIBCMT:crt0init.obj
 0002:000001bc       ___xt_z                    1001b1bc     LIBCMT:crt0init.obj
 0002:000001c0       __real@408ff80000000000    1001b1c0     api.obj
 0002:000001c8       __real@3f6a6d01a6d01a6d    1001b1c8     api.obj
 0002:000001d0       __FPinit                   1001b1d0     LIBCMT:_fpinit_.obj
 0002:000001d4       ??_C@_01EEMJAFIK@?6?$AA@   1001b1d4     LIBCMT:perror.obj
 0002:000001d8       ??_C@_02LMMGGCAJ@?3?5?$AA@ 1001b1d8     LIBCMT:perror.obj
 0002:000001e0       ??_C@_0EA@FCLIIPNN@Visual?5C?$CL?$CL?5CRT?3?5Not?5enough?5memor@ 1001b1e0     LIBCMT:strerror.obj
 0002:00000220       ??_C@_0P@MIGLKIOC@CorExitProcess?$AA@ 1001b220     LIBCMT:crt0dat.obj
 0002:00000230       ??_C@_1BI@BGOHAHKC@?$AAm?$AAs?$AAc?$AAo?$AAr?$AAe?$AAe?$AA?4?$AAd?$AAl?$AAl?$AA?$AA@ 1001b230     LIBCMT:crt0dat.obj
 0002:00000248       __pRawDllMain              1001b248     LIBCMT:dllcrt0.obj
 0002:00000248       __pDefaultRawDllMain       1001b248     LIBCMT:dllcrt0.obj
 0002:0000024c       ??_C@_1O@CEDCILHN@?$AA?$CI?$AAn?$AAu?$AAl?$AAl?$AA?$CJ?$AA?$AA@ 1001b24c     LIBCMT:output.obj
 0002:0000025c       ??_C@_06OJHGLDPL@?$CInull?$CJ?$AA@ 1001b25c     LIBCMT:output.obj
 0002:00000268       ___lookuptable             1001b268     LIBCMT:output.obj
 0002:000002cc       ??_C@_0BO@GNIAFIKK@Unknown?5Runtime?5Check?5Error?6?$AN?$AA@ 1001b2cc     LIBCMT:_error_.obj
 0002:000002ec       ??_C@_0CM@NGINOKPC@Stack?5memory?5around?5_alloca?5was?5@ 1001b2ec     LIBCMT:_error_.obj
 0002:00000318       ??_C@_0DG@HKJMLLLP@A?5local?5variable?5was?5used?5before@ 1001b318     LIBCMT:_error_.obj
 0002:00000350       ??_C@_0BN@FFOINMNJ@Stack?5memory?5was?5corrupted?6?$AN?$AA@ 1001b350     LIBCMT:_error_.obj
 0002:00000370       ??_C@_0BBN@GPMLNJCF@A?5cast?5to?5a?5smaller?5data?5type?5ha@ 1001b370     LIBCMT:_error_.obj
 0002:00000490       ??_C@_0NN@NGPKDKPD@The?5value?5of?5ESP?5was?5not?5properl@ 1001b490     LIBCMT:_error_.obj
 0002:0000060c       ??_C@_0CA@IODNCDPG@Run?9Time?5Check?5Failure?5?$CD?$CFd?5?9?5?$CFs?$AA@ 1001b60c     LIBCMT:_error_.obj
 0002:0000062c       ??_C@_0BE@GNBOBNCK@Unknown?5Module?5Name?$AA@ 1001b62c     LIBCMT:_error_.obj
 0002:00000640       ??_C@_0BB@PFFGGCJP@Unknown?5Filename?$AA@ 1001b640     LIBCMT:_error_.obj
 0002:00000658       ??_C@_1EA@NFKNIFJP@?$AAR?$AAu?$AAn?$AA?9?$AAT?$AAi?$AAm?$AAe?$AA?5?$AAC?$AAh?$AAe?$AAc?$AAk?$AA?5?$AAF?$AAa?$AAi?$AAl?$AAu?$AAr?$AAe?$AA?5?$AA?$CD?$AA?$CF?$AAd?$AA?5?$AA?9?$AA?5?$AA?$CF?$AAs?$AA?$AA@ 1001b658     LIBCMT:_error_.obj
 0002:00000698       ??_C@_1GM@OLMCBDMB@?$AAR?$AAu?$AAn?$AAt?$AAi?$AAm?$AAe?$AA?5?$AAC?$AAh?$AAe?$AAc?$AAk?$AA?5?$AAE?$AAr?$AAr?$AAo?$AAr?$AA?4?$AA?6?$AA?$AN?$AA?5?$AAU?$AAn?$AAa?$AAb?$AAl?$AAe?$AA?5?$AAt?$AAo@ 1001b698     LIBCMT:_error_.obj
 0002:00000704       ??_C@_0CG@IAFNJNEE@Stack?5corrupted?5near?5unknown?5var@ 1001b704     LIBCMT:_error_.obj
 0002:0000072c       ??_C@_0BP@OGBCLIBO@Stack?5around?5_alloca?5corrupted?$AA@ 1001b72c     LIBCMT:_userapi_.obj
 0002:0000074c       ??_C@_0CK@CNLNOEPB@Local?5variable?5used?5before?5initi@ 1001b74c     LIBCMT:_userapi_.obj
 0002:00000778       ??_C@_0BI@CIGMDCBH@Stack?5memory?5corruption?$AA@ 1001b778     LIBCMT:_userapi_.obj
 0002:00000790       ??_C@_0CK@FEGOIOPB@Cast?5to?5smaller?5type?5causing?5los@ 1001b790     LIBCMT:_userapi_.obj
 0002:000007bc       ??_C@_0BJ@HEGAHDFO@Stack?5pointer?5corruption?$AA@ 1001b7bc     LIBCMT:_userapi_.obj
 0002:000007ec       ___dnames                  1001b7ec     LIBCMT:timeset.obj
 0002:00000804       ___mnames                  1001b804     LIBCMT:timeset.obj
 0002:0000082c       ??_C@_02CLFPBFFP@TZ?$AA@   1001b82c     LIBCMT:tzset.obj
 0002:00000830       ??_C@_1BK@DBDEIDLH@?$AAK?$AAE?$AAR?$AAN?$AAE?$AAL?$AA3?$AA2?$AA?4?$AAD?$AAL?$AAL?$AA?$AA@ 1001b830     LIBCMT:tidtable.obj
 0002:0000084c       ??_C@_07PEJMOBNF@FlsFree?$AA@ 1001b84c     LIBCMT:tidtable.obj
 0002:00000854       ??_C@_0M@JCPCPOEF@FlsSetValue?$AA@ 1001b854     LIBCMT:tidtable.obj
 0002:00000860       ??_C@_0M@GDNOONDI@FlsGetValue?$AA@ 1001b860     LIBCMT:tidtable.obj
 0002:0000086c       ??_C@_08KNHFBNJ@FlsAlloc?$AA@ 1001b86c     LIBCMT:tidtable.obj
 0002:00000878       ??_C@_05KLBDPFGC@e?$CL000?$AA@ 1001b878     LIBCMT:cvt.obj
 0002:00000880       ??_C@_0BG@KLEAJEFJ@Illegal?5byte?5sequence?$AA@ 1001b880     LIBCMT:syserr.obj
 0002:00000898       ??_C@_0BE@ICMCHPHH@Directory?5not?5empty?$AA@ 1001b898     LIBCMT:syserr.obj
 0002:000008ac       ??_C@_0BJ@IHEHINLI@Function?5not?5implemented?$AA@ 1001b8ac     LIBCMT:syserr.obj
 0002:000008c8       ??_C@_0BD@CLHBCGPB@No?5locks?5available?$AA@ 1001b8c8     LIBCMT:syserr.obj
 0002:000008dc       ??_C@_0BC@BEDIHIDK@Filename?5too?5long?$AA@ 1001b8dc     LIBCMT:syserr.obj
 0002:000008f0       ??_C@_0BK@JAEBMJJM@Resource?5deadlock?5avoided?$AA@ 1001b8f0     LIBCMT:syserr.obj
 0002:0000090c       ??_C@_0BB@FCBJFCAJ@Result?5too?5large?$AA@ 1001b90c     LIBCMT:syserr.obj
 0002:00000920       ??_C@_0N@MMJPGLJK@Domain?5error?$AA@ 1001b920     LIBCMT:syserr.obj
 0002:00000930       ??_C@_0M@LHEPIIOM@Broken?5pipe?$AA@ 1001b930     LIBCMT:syserr.obj
 0002:0000093c       ??_C@_0P@PKCJJLLM@Too?5many?5links?$AA@ 1001b93c     LIBCMT:syserr.obj
 0002:0000094c       ??_C@_0BG@DDBFNKBH@Read?9only?5file?5system?$AA@ 1001b94c     LIBCMT:syserr.obj
 0002:00000964       ??_C@_0N@FEHLOILP@Invalid?5seek?$AA@ 1001b964     LIBCMT:syserr.obj
 0002:00000974       ??_C@_0BI@FEALHKLD@No?5space?5left?5on?5device?$AA@ 1001b974     LIBCMT:syserr.obj
 0002:0000098c       ??_C@_0P@LFMMIPAE@File?5too?5large?$AA@ 1001b98c     LIBCMT:syserr.obj
 0002:0000099c       ??_C@_0CE@ONOKNLPF@Inappropriate?5I?1O?5control?5operat@ 1001b99c     LIBCMT:syserr.obj
 0002:000009c0       ??_C@_0BE@INBJMKGG@Too?5many?5open?5files?$AA@ 1001b9c0     LIBCMT:syserr.obj
 0002:000009d4       ??_C@_0BO@IIFBODJE@Too?5many?5open?5files?5in?5system?$AA@ 1001b9d4     LIBCMT:syserr.obj
 0002:000009f4       ??_C@_0BB@HMGGCEBG@Invalid?5argument?$AA@ 1001b9f4     LIBCMT:syserr.obj
 0002:00000a08       ??_C@_0P@NDHGCGKE@Is?5a?5directory?$AA@ 1001ba08     LIBCMT:syserr.obj
 0002:00000a18       ??_C@_0BA@CJBACOOL@Not?5a?5directory?$AA@ 1001ba18     LIBCMT:syserr.obj
 0002:00000a28       ??_C@_0P@NLEIANHE@No?5such?5device?$AA@ 1001ba28     LIBCMT:syserr.obj
 0002:00000a38       ??_C@_0O@OAMDNOCP@Improper?5link?$AA@ 1001ba38     LIBCMT:syserr.obj
 0002:00000a48       ??_C@_0M@NAAJNNGH@File?5exists?$AA@ 1001ba48     LIBCMT:syserr.obj
 0002:00000a54       ??_C@_0BA@BIBLIOEK@Resource?5device?$AA@ 1001ba54     LIBCMT:syserr.obj
 0002:00000a64       ??_C@_0O@NIPGCINC@Unknown?5error?$AA@ 1001ba64     LIBCMT:syserr.obj
 0002:00000a74       ??_C@_0M@LOEHLCJD@Bad?5address?$AA@ 1001ba74     LIBCMT:syserr.obj
 0002:00000a80       ??_C@_0BC@HFNFNKAI@Permission?5denied?$AA@ 1001ba80     LIBCMT:syserr.obj
 0002:00000a94       ??_C@_0BB@IMDKMPFB@Not?5enough?5space?$AA@ 1001ba94     LIBCMT:syserr.obj
 0002:00000aa8       ??_C@_0CB@EPFKGNAK@Resource?5temporarily?5unavailable@ 1001baa8     LIBCMT:syserr.obj
 0002:00000acc       ??_C@_0BD@LOHELEP@No?5child?5processes?$AA@ 1001bacc     LIBCMT:syserr.obj
 0002:00000ae0       ??_C@_0BE@NFGDDCEF@Bad?5file?5descriptor?$AA@ 1001bae0     LIBCMT:syserr.obj
 0002:00000af4       ??_C@_0BC@HKPNECK@Exec?5format?5error?$AA@ 1001baf4     LIBCMT:syserr.obj
 0002:00000b08       ??_C@_0BC@MFFGCDFL@Arg?5list?5too?5long?$AA@ 1001bb08     LIBCMT:syserr.obj
 0002:00000b1c       ??_C@_0BK@DPKMCKJ@No?5such?5device?5or?5address?$AA@ 1001bb1c     LIBCMT:syserr.obj
 0002:00000b38       ??_C@_0BD@KKNFOBBD@Input?1output?5error?$AA@ 1001bb38     LIBCMT:syserr.obj
 0002:00000b4c       ??_C@_0BK@FJBOAFDK@Interrupted?5function?5call?$AA@ 1001bb4c     LIBCMT:syserr.obj
 0002:00000b68       ??_C@_0BA@FKIAIBGA@No?5such?5process?$AA@ 1001bb68     LIBCMT:syserr.obj
 0002:00000b78       ??_C@_0BK@FMDHKPNF@No?5such?5file?5or?5directory?$AA@ 1001bb78     LIBCMT:syserr.obj
 0002:00000b94       ??_C@_0BI@BJFCGOHL@Operation?5not?5permitted?$AA@ 1001bb94     LIBCMT:syserr.obj
 0002:00000bac       ??_C@_08INEPGKHH@No?5error?$AA@ 1001bbac     LIBCMT:syserr.obj
 0002:00000bb8       ??_C@_1BK@GAEMIDIL@?$AAA?$AAD?$AAV?$AAA?$AAP?$AAI?$AA3?$AA2?$AA?4?$AAD?$AAL?$AAL?$AA?$AA@ 1001bbb8     LIBCMT:rand_s.obj
 0002:00000bd4       ??_C@_1BO@BKOMIGKJ@?$AAr?$AAu?$AAn?$AAt?$AAi?$AAm?$AAe?$AA?5?$AAe?$AAr?$AAr?$AAo?$AAr?$AA?5?$AA?$AA@ 1001bbd4     LIBCMT:crt0msg.obj
 0002:00000bf4       ??_C@_15JNBOKNOG@?$AA?$AN?$AA?6?$AA?$AA@ 1001bbf4     LIBCMT:crt0msg.obj
 0002:00000bfc       ??_C@_1BM@JBBEPPHI@?$AAT?$AAL?$AAO?$AAS?$AAS?$AA?5?$AAe?$AAr?$AAr?$AAo?$AAr?$AA?$AN?$AA?6?$AA?$AA@ 1001bbfc     LIBCMT:crt0msg.obj
 0002:00000c18       ??_C@_1BK@KMOMNAAI@?$AAS?$AAI?$AAN?$AAG?$AA?5?$AAe?$AAr?$AAr?$AAo?$AAr?$AA?$AN?$AA?6?$AA?$AA@ 1001bc18     LIBCMT:crt0msg.obj
 0002:00000c34       ??_C@_1BO@BFCDCGC@?$AAD?$AAO?$AAM?$AAA?$AAI?$AAN?$AA?5?$AAe?$AAr?$AAr?$AAo?$AAr?$AA?$AN?$AA?6?$AA?$AA@ 1001bc34     LIBCMT:crt0msg.obj
 0002:00000c58       ??_C@_1BOO@KGEDBGAJ@?$AAR?$AA6?$AA0?$AA3?$AA3?$AA?$AN?$AA?6?$AA?9?$AA?5?$AAA?$AAt?$AAt?$AAe?$AAm?$AAp?$AAt?$AA?5?$AAt?$AAo?$AA?5?$AAu?$AAs?$AAe?$AA?5?$AAM?$AAS?$AAI?$AAL?$AA?5?$AAc?$AAo?$AAd@ 1001bc58     LIBCMT:crt0msg.obj
 0002:00000e48       ??_C@_1GG@GOPILAJP@?$AAR?$AA6?$AA0?$AA3?$AA2?$AA?$AN?$AA?6?$AA?9?$AA?5?$AAn?$AAo?$AAt?$AA?5?$AAe?$AAn?$AAo?$AAu?$AAg?$AAh?$AA?5?$AAs?$AAp?$AAa?$AAc?$AAe?$AA?5?$AAf?$AAo?$AAr?$AA?5?$AAl?$AAo@ 1001be48     LIBCMT:crt0msg.obj
 0002:00000eb0       ??_C@_1MG@ENCOOIDF@?$AAR?$AA6?$AA0?$AA3?$AA1?$AA?$AN?$AA?6?$AA?9?$AA?5?$AAA?$AAt?$AAt?$AAe?$AAm?$AAp?$AAt?$AA?5?$AAt?$AAo?$AA?5?$AAi?$AAn?$AAi?$AAt?$AAi?$AAa?$AAl?$AAi?$AAz?$AAe?$AA?5?$AAt@ 1001beb0     LIBCMT:crt0msg.obj
 0002:00000f78       ??_C@_1DO@BMFCDCD@?$AAR?$AA6?$AA0?$AA3?$AA0?$AA?$AN?$AA?6?$AA?9?$AA?5?$AAC?$AAR?$AAT?$AA?5?$AAn?$AAo?$AAt?$AA?5?$AAi?$AAn?$AAi?$AAt?$AAi?$AAa?$AAl?$AAi?$AAz?$AAe?$AAd?$AA?$AN?$AA?6?$AA?$AA@ 1001bf78     LIBCMT:crt0msg.obj
 0002:00000fb8       ??_C@_1EK@HHFLMAOL@?$AAR?$AA6?$AA0?$AA2?$AA8?$AA?$AN?$AA?6?$AA?9?$AA?5?$AAu?$AAn?$AAa?$AAb?$AAl?$AAe?$AA?5?$AAt?$AAo?$AA?5?$AAi?$AAn?$AAi?$AAt?$AAi?$AAa?$AAl?$AAi?$AAz?$AAe?$AA?5?$AAh?$AAe@ 1001bfb8     LIBCMT:crt0msg.obj
 0002:00001008       ??_C@_1GK@MFGOKLAG@?$AAR?$AA6?$AA0?$AA2?$AA7?$AA?$AN?$AA?6?$AA?9?$AA?5?$AAn?$AAo?$AAt?$AA?5?$AAe?$AAn?$AAo?$AAu?$AAg?$AAh?$AA?5?$AAs?$AAp?$AAa?$AAc?$AAe?$AA?5?$AAf?$AAo?$AAr?$AA?5?$AAl?$AAo@ 1001c008     LIBCMT:crt0msg.obj
 0002:00001078       ??_C@_1GK@MCAAGJMO@?$AAR?$AA6?$AA0?$AA2?$AA6?$AA?$AN?$AA?6?$AA?9?$AA?5?$AAn?$AAo?$AAt?$AA?5?$AAe?$AAn?$AAo?$AAu?$AAg?$AAh?$AA?5?$AAs?$AAp?$AAa?$AAc?$AAe?$AA?5?$AAf?$AAo?$AAr?$AA?5?$AAs?$AAt@ 1001c078     LIBCMT:crt0msg.obj
 0002:000010e8       ??_C@_1EM@MAADIHMB@?$AAR?$AA6?$AA0?$AA2?$AA5?$AA?$AN?$AA?6?$AA?9?$AA?5?$AAp?$AAu?$AAr?$AAe?$AA?5?$AAv?$AAi?$AAr?$AAt?$AAu?$AAa?$AAl?$AA?5?$AAf?$AAu?$AAn?$AAc?$AAt?$AAi?$AAo?$AAn?$AA?5?$AAc@ 1001c0e8     LIBCMT:crt0msg.obj
 0002:00001138       ??_C@_1GK@FHCKBEFA@?$AAR?$AA6?$AA0?$AA2?$AA4?$AA?$AN?$AA?6?$AA?9?$AA?5?$AAn?$AAo?$AAt?$AA?5?$AAe?$AAn?$AAo?$AAu?$AAg?$AAh?$AA?5?$AAs?$AAp?$AAa?$AAc?$AAe?$AA?5?$AAf?$AAo?$AAr?$AA?5?$AA_?$AAo@ 1001c138     LIBCMT:crt0msg.obj
 0002:000011a8       ??_C@_1FC@ECHBIFBC@?$AAR?$AA6?$AA0?$AA1?$AA9?$AA?$AN?$AA?6?$AA?9?$AA?5?$AAu?$AAn?$AAa?$AAb?$AAl?$AAe?$AA?5?$AAt?$AAo?$AA?5?$AAo?$AAp?$AAe?$AAn?$AA?5?$AAc?$AAo?$AAn?$AAs?$AAo?$AAl?$AAe?$AA?5@ 1001c1a8     LIBCMT:crt0msg.obj
 0002:00001200       ??_C@_1EC@JIBHAOPH@?$AAR?$AA6?$AA0?$AA1?$AA8?$AA?$AN?$AA?6?$AA?9?$AA?5?$AAu?$AAn?$AAe?$AAx?$AAp?$AAe?$AAc?$AAt?$AAe?$AAd?$AA?5?$AAh?$AAe?$AAa?$AAp?$AA?5?$AAe?$AAr?$AAr?$AAo?$AAr?$AA?$AN?$AA?6@ 1001c200     LIBCMT:crt0msg.obj
 0002:00001248       ??_C@_1FK@BEOGODMC@?$AAR?$AA6?$AA0?$AA1?$AA7?$AA?$AN?$AA?6?$AA?9?$AA?5?$AAu?$AAn?$AAe?$AAx?$AAp?$AAe?$AAc?$AAt?$AAe?$AAd?$AA?5?$AAm?$AAu?$AAl?$AAt?$AAi?$AAt?$AAh?$AAr?$AAe?$AAa?$AAd?$AA?5@ 1001c248     LIBCMT:crt0msg.obj
 0002:000012a8       ??_C@_1FI@LOGNIKDM@?$AAR?$AA6?$AA0?$AA1?$AA6?$AA?$AN?$AA?6?$AA?9?$AA?5?$AAn?$AAo?$AAt?$AA?5?$AAe?$AAn?$AAo?$AAu?$AAg?$AAh?$AA?5?$AAs?$AAp?$AAa?$AAc?$AAe?$AA?5?$AAf?$AAo?$AAr?$AA?5?$AAt?$AAh@ 1001c2a8     LIBCMT:crt0msg.obj
 0002:00001300       ??_C@_1EG@BEHAGFJD@?$AAR?$AA6?$AA0?$AA1?$AA0?$AA?$AN?$AA?6?$AA?9?$AA?5?$AAa?$AAb?$AAo?$AAr?$AAt?$AA?$CI?$AA?$CJ?$AA?5?$AAh?$AAa?$AAs?$AA?5?$AAb?$AAe?$AAe?$AAn?$AA?5?$AAc?$AAa?$AAl?$AAl?$AAe?$AAd@ 1001c300     LIBCMT:crt0msg.obj
 0002:00001348       ??_C@_1FI@HONFMGBI@?$AAR?$AA6?$AA0?$AA0?$AA9?$AA?$AN?$AA?6?$AA?9?$AA?5?$AAn?$AAo?$AAt?$AA?5?$AAe?$AAn?$AAo?$AAu?$AAg?$AAh?$AA?5?$AAs?$AAp?$AAa?$AAc?$AAe?$AA?5?$AAf?$AAo?$AAr?$AA?5?$AAe?$AAn@ 1001c348     LIBCMT:crt0msg.obj
 0002:000013a0       ??_C@_1FE@LLNEDJMD@?$AAR?$AA6?$AA0?$AA0?$AA8?$AA?$AN?$AA?6?$AA?9?$AA?5?$AAn?$AAo?$AAt?$AA?5?$AAe?$AAn?$AAo?$AAu?$AAg?$AAh?$AA?5?$AAs?$AAp?$AAa?$AAc?$AAe?$AA?5?$AAf?$AAo?$AAr?$AA?5?$AAa?$AAr@ 1001c3a0     LIBCMT:crt0msg.obj
 0002:000013f8       ??_C@_1FK@PGACCAFB@?$AAR?$AA6?$AA0?$AA0?$AA2?$AA?$AN?$AA?6?$AA?9?$AA?5?$AAf?$AAl?$AAo?$AAa?$AAt?$AAi?$AAn?$AAg?$AA?5?$AAp?$AAo?$AAi?$AAn?$AAt?$AA?5?$AAs?$AAu?$AAp?$AAp?$AAo?$AAr?$AAt?$AA?5@ 1001c3f8     LIBCMT:crt0msg.obj
 0002:00001508       ??_C@_1EK@MBDPDCGA@?$AAM?$AAi?$AAc?$AAr?$AAo?$AAs?$AAo?$AAf?$AAt?$AA?5?$AAV?$AAi?$AAs?$AAu?$AAa?$AAl?$AA?5?$AAC?$AA?$CL?$AA?$CL?$AA?5?$AAR?$AAu?$AAn?$AAt?$AAi?$AAm?$AAe?$AA?5?$AAL?$AAi?$AAb@ 1001c508     LIBCMT:crt0msg.obj
 0002:00001554       ??_C@_15IABLJNFO@?$AA?6?$AA?6?$AA?$AA@ 1001c554     LIBCMT:crt0msg.obj
 0002:0000155c       ??_C@_17LGKOMLJ@?$AA?4?$AA?4?$AA?4?$AA?$AA@ 1001c55c     LIBCMT:crt0msg.obj
 0002:00001564       ??_C@_1CO@EAEJAADC@?$AA?$DM?$AAp?$AAr?$AAo?$AAg?$AAr?$AAa?$AAm?$AA?5?$AAn?$AAa?$AAm?$AAe?$AA?5?$AAu?$AAn?$AAk?$AAn?$AAo?$AAw?$AAn?$AA?$DO?$AA?$AA@ 1001c564     LIBCMT:crt0msg.obj
 0002:00001594       ??_C@_1DE@JNGNBFGO@?$AAR?$AAu?$AAn?$AAt?$AAi?$AAm?$AAe?$AA?5?$AAE?$AAr?$AAr?$AAo?$AAr?$AA?$CB?$AA?6?$AA?6?$AAP?$AAr?$AAo?$AAg?$AAr?$AAa?$AAm?$AA?3?$AA?5?$AA?$AA@ 1001c594     LIBCMT:crt0msg.obj
 0002:000015c8       __XcptActTab               1001c5c8     LIBCMT:winxfltr.obj
 0002:00001658       __First_FPE_Indx           1001c658     LIBCMT:winxfltr.obj
 0002:0000165c       __Num_FPE                  1001c65c     LIBCMT:winxfltr.obj
 0002:00001660       __XcptActTabSize           1001c660     LIBCMT:winxfltr.obj
 0002:00001664       __XcptActTabCount          1001c664     LIBCMT:winxfltr.obj
 0002:00001668       ??_C@_1BC@GDGBMEMK@?$AAH?$AAH?$AA?3?$AAm?$AAm?$AA?3?$AAs?$AAs?$AA?$AA@ 1001c668     LIBCMT:nlsdata2.obj
 0002:0000167c       ??_C@_1CI@KNAKOEBC@?$AAd?$AAd?$AAd?$AAd?$AA?0?$AA?5?$AAM?$AAM?$AAM?$AAM?$AA?5?$AAd?$AAd?$AA?0?$AA?5?$AAy?$AAy?$AAy?$AAy?$AA?$AA@ 1001c67c     LIBCMT:nlsdata2.obj
 0002:000016a4       ??_C@_1BC@IEBCMHCM@?$AAM?$AAM?$AA?1?$AAd?$AAd?$AA?1?$AAy?$AAy?$AA?$AA@ 1001c6a4     LIBCMT:nlsdata2.obj
 0002:000016b8       ??_C@_15CLMNNGEL@?$AAP?$AAM?$AA?$AA@ 1001c6b8     LIBCMT:nlsdata2.obj
 0002:000016c0       ??_C@_15ODEHAHHF@?$AAA?$AAM?$AA?$AA@ 1001c6c0     LIBCMT:nlsdata2.obj
 0002:000016c8       ??_C@_1BC@FEMKIFH@?$AAD?$AAe?$AAc?$AAe?$AAm?$AAb?$AAe?$AAr?$AA?$AA@ 1001c6c8     LIBCMT:nlsdata2.obj
 0002:000016dc       ??_C@_1BC@BGLIFPF@?$AAN?$AAo?$AAv?$AAe?$AAm?$AAb?$AAe?$AAr?$AA?$AA@ 1001c6dc     LIBCMT:nlsdata2.obj
 0002:000016f0       ??_C@_1BA@EPANDLNG@?$AAO?$AAc?$AAt?$AAo?$AAb?$AAe?$AAr?$AA?$AA@ 1001c6f0     LIBCMT:nlsdata2.obj
 0002:00001700       ??_C@_1BE@DKAAMBJL@?$AAS?$AAe?$AAp?$AAt?$AAe?$AAm?$AAb?$AAe?$AAr?$AA?$AA@ 1001c700     LIBCMT:nlsdata2.obj
 0002:00001714       ??_C@_1O@PAHLKOAC@?$AAA?$AAu?$AAg?$AAu?$AAs?$AAt?$AA?$AA@ 1001c714     LIBCMT:nlsdata2.obj
 0002:00001724       ??_C@_19BIFMLPCD@?$AAJ?$AAu?$AAl?$AAy?$AA?$AA@ 1001c724     LIBCMT:nlsdata2.obj
 0002:00001730       ??_C@_19EPFLPGAP@?$AAJ?$AAu?$AAn?$AAe?$AA?$AA@ 1001c730     LIBCMT:nlsdata2.obj
 0002:0000173c       ??_C@_1M@GJNLMHFD@?$AAA?$AAp?$AAr?$AAi?$AAl?$AA?$AA@ 1001c73c     LIBCMT:nlsdata2.obj
 0002:00001748       ??_C@_1M@IKEENEDF@?$AAM?$AAa?$AAr?$AAc?$AAh?$AA?$AA@ 1001c748     LIBCMT:nlsdata2.obj
 0002:00001754       ??_C@_1BC@JGDDFFAM@?$AAF?$AAe?$AAb?$AAr?$AAu?$AAa?$AAr?$AAy?$AA?$AA@ 1001c754     LIBCMT:nlsdata2.obj
 0002:00001768       ??_C@_1BA@EFMEIEBA@?$AAJ?$AAa?$AAn?$AAu?$AAa?$AAr?$AAy?$AA?$AA@ 1001c768     LIBCMT:nlsdata2.obj
 0002:00001778       ??_C@_17EGKACKIF@?$AAD?$AAe?$AAc?$AA?$AA@ 1001c778     LIBCMT:nlsdata2.obj
 0002:00001780       ??_C@_17BBDMLCIG@?$AAN?$AAo?$AAv?$AA?$AA@ 1001c780     LIBCMT:nlsdata2.obj
 0002:00001788       ??_C@_17FNLKOI@?$AAO?$AAc?$AAt?$AA?$AA@ 1001c788     LIBCMT:nlsdata2.obj
 0002:00001790       ??_C@_17HCHCOKMG@?$AAS?$AAe?$AAp?$AA?$AA@ 1001c790     LIBCMT:nlsdata2.obj
 0002:00001798       ??_C@_17ICPELBCN@?$AAA?$AAu?$AAg?$AA?$AA@ 1001c798     LIBCMT:nlsdata2.obj
 0002:000017a0       ??_C@_17IJPCKHK@?$AAJ?$AAu?$AAl?$AA?$AA@ 1001c7a0     LIBCMT:nlsdata2.obj
 0002:000017a8       ??_C@_17KCJGOCPB@?$AAJ?$AAu?$AAn?$AA?$AA@ 1001c7a8     LIBCMT:nlsdata2.obj
 0002:000017b0       ??_C@_17PNNKMEED@?$AAM?$AAa?$AAy?$AA?$AA@ 1001c7b0     LIBCMT:nlsdata2.obj
 0002:000017b8       ??_C@_17LFPOIHDD@?$AAA?$AAp?$AAr?$AA?$AA@ 1001c7b8     LIBCMT:nlsdata2.obj
 0002:000017c0       ??_C@_17CKNLEDEC@?$AAM?$AAa?$AAr?$AA?$AA@ 1001c7c0     LIBCMT:nlsdata2.obj
 0002:000017c8       ??_C@_17LMDJEKJN@?$AAF?$AAe?$AAb?$AA?$AA@ 1001c7c8     LIBCMT:nlsdata2.obj
 0002:000017d0       ??_C@_17DKNBKCHM@?$AAJ?$AAa?$AAn?$AA?$AA@ 1001c7d0     LIBCMT:nlsdata2.obj
 0002:000017d8       ??_C@_1BC@ENMNNPAJ@?$AAS?$AAa?$AAt?$AAu?$AAr?$AAd?$AAa?$AAy?$AA?$AA@ 1001c7d8     LIBCMT:nlsdata2.obj
 0002:000017ec       ??_C@_1O@PDICJHAG@?$AAF?$AAr?$AAi?$AAd?$AAa?$AAy?$AA?$AA@ 1001c7ec     LIBCMT:nlsdata2.obj
 0002:000017fc       ??_C@_1BC@HHMNLIHE@?$AAT?$AAh?$AAu?$AAr?$AAs?$AAd?$AAa?$AAy?$AA?$AA@ 1001c7fc     LIBCMT:nlsdata2.obj
 0002:00001810       ??_C@_1BE@EBOGMDOH@?$AAW?$AAe?$AAd?$AAn?$AAe?$AAs?$AAd?$AAa?$AAy?$AA?$AA@ 1001c810     LIBCMT:nlsdata2.obj
 0002:00001824       ??_C@_1BA@ENFBFFEK@?$AAT?$AAu?$AAe?$AAs?$AAd?$AAa?$AAy?$AA?$AA@ 1001c824     LIBCMT:nlsdata2.obj
 0002:00001834       ??_C@_1O@MMNBFLIA@?$AAM?$AAo?$AAn?$AAd?$AAa?$AAy?$AA?$AA@ 1001c834     LIBCMT:nlsdata2.obj
 0002:00001844       ??_C@_1O@IHNHDHPB@?$AAS?$AAu?$AAn?$AAd?$AAa?$AAy?$AA?$AA@ 1001c844     LIBCMT:nlsdata2.obj
 0002:00001854       ??_C@_17GGIBDPIH@?$AAS?$AAa?$AAt?$AA?$AA@ 1001c854     LIBCMT:nlsdata2.obj
 0002:0000185c       ??_C@_17HFOLPPLP@?$AAF?$AAr?$AAi?$AA?$AA@ 1001c85c     LIBCMT:nlsdata2.obj
 0002:00001864       ??_C@_17PDPHAADD@?$AAT?$AAh?$AAu?$AA?$AA@ 1001c864     LIBCMT:nlsdata2.obj
 0002:0000186c       ??_C@_17CJEDCEPE@?$AAW?$AAe?$AAd?$AA?$AA@ 1001c86c     LIBCMT:nlsdata2.obj
 0002:00001874       ??_C@_17BMKGEGOJ@?$AAT?$AAu?$AAe?$AA?$AA@ 1001c874     LIBCMT:nlsdata2.obj
 0002:0000187c       ??_C@_17KBOMKBF@?$AAM?$AAo?$AAn?$AA?$AA@ 1001c87c     LIBCMT:nlsdata2.obj
 0002:00001884       ??_C@_17MBGCMIPB@?$AAS?$AAu?$AAn?$AA?$AA@ 1001c884     LIBCMT:nlsdata2.obj
 0002:0000188c       ??_C@_08JCCMCCIL@HH?3mm?3ss?$AA@ 1001c88c     LIBCMT:nlsdata2.obj
 0002:00001898       ??_C@_0BE@CKGJFCPC@dddd?0?5MMMM?5dd?0?5yyyy?$AA@ 1001c898     LIBCMT:nlsdata2.obj
 0002:000018ac       ??_C@_08BPBNCDIB@MM?1dd?1yy?$AA@ 1001c8ac     LIBCMT:nlsdata2.obj
 0002:000018b8       ??_C@_02CJNFDJBF@PM?$AA@   1001c8b8     LIBCMT:nlsdata2.obj
 0002:000018bc       ??_C@_02DEDBPAFC@AM?$AA@   1001c8bc     LIBCMT:nlsdata2.obj
 0002:000018c0       ??_C@_08EDHMEBNP@December?$AA@ 1001c8c0     LIBCMT:nlsdata2.obj
 0002:000018cc       ??_C@_08HCHEGEOA@November?$AA@ 1001c8cc     LIBCMT:nlsdata2.obj
 0002:000018d8       ??_C@_07JJNFCEND@October?$AA@ 1001c8d8     LIBCMT:nlsdata2.obj
 0002:000018e0       ??_C@_09BHHEALKD@September?$AA@ 1001c8e0     LIBCMT:nlsdata2.obj
 0002:000018ec       ??_C@_06LBBHFDDG@August?$AA@ 1001c8ec     LIBCMT:nlsdata2.obj
 0002:000018f4       ??_C@_04MIEPOIFP@July?$AA@ 1001c8f4     LIBCMT:nlsdata2.obj
 0002:000018fc       ??_C@_04CNLMGBGM@June?$AA@ 1001c8fc     LIBCMT:nlsdata2.obj
 0002:00001904       ??_C@_05DMJDNLEJ@April?$AA@ 1001c904     LIBCMT:nlsdata2.obj
 0002:0000190c       ??_C@_05HPCKOFNC@March?$AA@ 1001c90c     LIBCMT:nlsdata2.obj
 0002:00001914       ??_C@_08GNJGEPFN@February?$AA@ 1001c914     LIBCMT:nlsdata2.obj
 0002:00001920       ??_C@_07CGJPFGJA@January?$AA@ 1001c920     LIBCMT:nlsdata2.obj
 0002:00001928       ??_C@_03MKABNOCG@Dec?$AA@  1001c928     LIBCMT:nlsdata2.obj
 0002:0000192c       ??_C@_03JPJOFNIA@Nov?$AA@  1001c92c     LIBCMT:nlsdata2.obj
 0002:00001930       ??_C@_03BMAOKBAD@Oct?$AA@  1001c930     LIBCMT:nlsdata2.obj
 0002:00001934       ??_C@_03GGCAPAJC@Sep?$AA@  1001c934     LIBCMT:nlsdata2.obj
 0002:00001938       ??_C@_03IFJFEIGA@Aug?$AA@  1001c938     LIBCMT:nlsdata2.obj
 0002:0000193c       ??_C@_03LBGABGKK@Jul?$AA@  1001c93c     LIBCMT:nlsdata2.obj
 0002:00001940       ??_C@_03IDFGHECI@Jun?$AA@  1001c940     LIBCMT:nlsdata2.obj
 0002:00001944       ??_C@_03CNMDKL@May?$AA@    1001c944     LIBCMT:nlsdata2.obj
 0002:00001948       ??_C@_03LEOLGMJP@Apr?$AA@  1001c948     LIBCMT:nlsdata2.obj
 0002:0000194c       ??_C@_03ODNJBKGA@Mar?$AA@  1001c94c     LIBCMT:nlsdata2.obj
 0002:00001950       ??_C@_03HJBDCHOM@Feb?$AA@  1001c950     LIBCMT:nlsdata2.obj
 0002:00001954       ??_C@_03JIHJHPIE@Jan?$AA@  1001c954     LIBCMT:nlsdata2.obj
 0002:00001958       ??_C@_08INBOOONO@Saturday?$AA@ 1001c958     LIBCMT:nlsdata2.obj
 0002:00001964       ??_C@_06JECMNKMI@Friday?$AA@ 1001c964     LIBCMT:nlsdata2.obj
 0002:0000196c       ??_C@_08HACCIKIA@Thursday?$AA@ 1001c96c     LIBCMT:nlsdata2.obj
 0002:00001978       ??_C@_09DLIGFAKA@Wednesday?$AA@ 1001c978     LIBCMT:nlsdata2.obj
 0002:00001984       ??_C@_07BAAGCFCM@Tuesday?$AA@ 1001c984     LIBCMT:nlsdata2.obj
 0002:0000198c       ??_C@_06JLEDEDGH@Monday?$AA@ 1001c98c     LIBCMT:nlsdata2.obj
 0002:00001994       ??_C@_06OOPIFAJ@Sunday?$AA@ 1001c994     LIBCMT:nlsdata2.obj
 0002:0000199c       ??_C@_03FEFJNEK@Sat?$AA@   1001c99c     LIBCMT:nlsdata2.obj
 0002:000019a0       ??_C@_03IDIOELNC@Fri?$AA@  1001c9a0     LIBCMT:nlsdata2.obj
 0002:000019a4       ??_C@_03IOFIKPDN@Thu?$AA@  1001c9a4     LIBCMT:nlsdata2.obj
 0002:000019a8       ??_C@_03MHOMLAJA@Wed?$AA@  1001c9a8     LIBCMT:nlsdata2.obj
 0002:000019ac       ??_C@_03NAGEINEP@Tue?$AA@  1001c9ac     LIBCMT:nlsdata2.obj
 0002:000019b0       ??_C@_03PDAGKDH@Mon?$AA@   1001c9b0     LIBCMT:nlsdata2.obj
 0002:000019b4       ??_C@_03KOEHGMDN@Sun?$AA@  1001c9b4     LIBCMT:nlsdata2.obj
 0002:000019b8       ___lookuptable_s           1001c9b8     LIBCMT:outputs.obj
 0002:00001a30       ??_C@_1CK@HHHCOJPD@?$AAE?$AAn?$AAv?$AAi?$AAr?$AAo?$AAn?$AAm?$AAe?$AAn?$AAt?$AAD?$AAi?$AAr?$AAe?$AAc?$AAt?$AAo?$AAr?$AAy?$AA?$AA@ 1001ca30     LIBCMT:_pdblkup_.obj
 0002:00001a60       ??_C@_1FM@DNCABAP@?$AAS?$AAO?$AAF?$AAT?$AAW?$AAA?$AAR?$AAE?$AA?2?$AAM?$AAi?$AAc?$AAr?$AAo?$AAs?$AAo?$AAf?$AAt?$AA?2?$AAV?$AAi?$AAs?$AAu?$AAa?$AAl?$AAS?$AAt?$AAu?$AAd?$AAi?$AAo?$AA?2@ 1001ca60     LIBCMT:_pdblkup_.obj
 0002:00001abc       ??_C@_0M@HLOHPNFA@RegCloseKey?$AA@ 1001cabc     LIBCMT:_pdblkup_.obj
 0002:00001ac8       ??_C@_0BB@GLNAEDBD@RegQueryValueExW?$AA@ 1001cac8     LIBCMT:_pdblkup_.obj
 0002:00001adc       ??_C@_0O@COHOBMLB@RegOpenKeyExW?$AA@ 1001cadc     LIBCMT:_pdblkup_.obj
 0002:00001aec       ??_C@_01KDCPPGHE@r?$AA@    1001caec     LIBCMT:_pdblkup_.obj
 0002:00001af0       ??_C@_0BB@KCIACLNC@PDBOpenValidate5?$AA@ 1001caf0     LIBCMT:_pdblkup_.obj
 0002:00001b04       ??_C@_0BI@DFKBFLJE@GetProcessWindowStation?$AA@ 1001cb04     LIBCMT:crtmboxw.obj
 0002:00001b1c       ??_C@_0BK@DEKFELLI@GetUserObjectInformationW?$AA@ 1001cb1c     LIBCMT:crtmboxw.obj
 0002:00001b38       ??_C@_0BD@HHGDFDBJ@GetLastActivePopup?$AA@ 1001cb38     LIBCMT:crtmboxw.obj
 0002:00001b4c       ??_C@_0BA@HNOPNCHB@GetActiveWindow?$AA@ 1001cb4c     LIBCMT:crtmboxw.obj
 0002:00001b5c       ??_C@_0M@DLDCCGNP@MessageBoxW?$AA@ 1001cb5c     LIBCMT:crtmboxw.obj
 0002:00001b68       ??_C@_1BG@GOEBHBDC@?$AAU?$AAS?$AAE?$AAR?$AA3?$AA2?$AA?4?$AAD?$AAL?$AAL?$AA?$AA@ 1001cb68     LIBCMT:crtmboxw.obj
 0002:00001c00       ___newctype                1001cc00     LIBCMT:ctype.obj
 0002:00001f00       __wctype                   1001cf00     LIBCMT:ctype.obj
 0002:00002108       ___newclmap                1001d108     LIBCMT:ctype.obj
 0002:00002288       ___newcumap                1001d288     LIBCMT:ctype.obj
 0002:00002408       ??_C@_1BA@BALFACEM@?$AAC?$AAO?$AAN?$AAO?$AAU?$AAT?$AA$?$AA?$AA@ 1001d408     LIBCMT:initcon.obj
 0002:00002418       ??_C@_06IMKFLFPG@1?$CDQNAN?$AA@ 1001d418     LIBCMT:_x10fout_.obj
 0002:00002420       ??_C@_05DNEBIAHO@1?$CDINF?$AA@ 1001d420     LIBCMT:_x10fout_.obj
 0002:00002428       ??_C@_05PHHOCPM@1?$CDIND?$AA@ 1001d428     LIBCMT:_x10fout_.obj
 0002:00002430       ??_C@_06PGGFOGJG@1?$CDSNAN?$AA@ 1001d430     LIBCMT:_x10fout_.obj
 0002:00002438       __load_config_used         1001d438     LIBCMT:loadcfg.obj
 0002:00002480       ___safe_se_handler_table   1001d480     <linker-defined>
 0002:0000248c       ___rtc_iaa                 1001d48c     LIBCMT:_initsect_.obj
 0002:00002490       ___rtc_izz                 1001d490     LIBCMT:_initsect_.obj
 0002:00002494       ___rtc_taa                 1001d494     LIBCMT:_initsect_.obj
 0002:00002498       ___rtc_tzz                 1001d498     LIBCMT:_initsect_.obj
 0002:0000293c       __IMPORT_DESCRIPTOR_ADVAPI32 1001d93c     Advapi32:ADVAPI32.dll
 0002:00002950       __IMPORT_DESCRIPTOR_USER32 1001d950     User32:USER32.dll
 0002:00002964       __IMPORT_DESCRIPTOR_KERNEL32 1001d964     kernel32:KERNEL32.dll
 0002:00002978       __NULL_IMPORT_DESCRIPTOR   1001d978     Advapi32:ADVAPI32.dll
 0003:00000038       _SVN_REV                   1001f038     api.obj
 0003:00003f20       ___security_cookie         10022f20     LIBCMT:gs_cookie.obj
 0003:00003f24       ___security_cookie_complement 10022f24     LIBCMT:gs_cookie.obj
 0003:000040a0       __fltused                  100230a0     LIBCMT:_fpinit_.obj
 0003:000040a4       __ldused                   100230a4     LIBCMT:_fpinit_.obj
 0003:000040a8       __iob                      100230a8     LIBCMT:_file.obj
 0003:00004330       ___nullstring              10023330     LIBCMT:output.obj
 0003:00004334       ___wnullstring             10023334     LIBCMT:output.obj
 0003:00004338       ?_RTC_ErrorLevels@@3PAHA   10023338     LIBCMT:_error_.obj
 0003:00004350       __timezone                 10023350     LIBCMT:timeset.obj
 0003:00004354       __daylight                 10023354     LIBCMT:timeset.obj
 0003:00004358       __dstbias                  10023358     LIBCMT:timeset.obj
 0003:000043e0       __tzname                   100233e0     LIBCMT:timeset.obj
 0003:00004400       ___flsindex                10023400     LIBCMT:tidtable.obj
 0003:00004404       ___getvalueindex           10023404     LIBCMT:tidtable.obj
 0003:00004408       __lookuptrailbytes         10023408     LIBCMT:read.obj
 0003:00004508       ___badioinfo               10023508     LIBCMT:ioinit.obj
 0003:00004550       __cfltcvt_tab              10023550     LIBCMT:cmiscdat.obj
 0003:00004698       __sys_errlist              10023698     LIBCMT:syserr.obj
 0003:00004748       __sys_nerr                 10023748     LIBCMT:syserr.obj
 0003:00004750       ___initialmbcinfo          10023750     LIBCMT:mbctype.obj
 0003:00004970       __mbctype                  10023970     LIBCMT:mbctype.obj
 0003:00004a78       __mbcasemap                10023a78     LIBCMT:mbctype.obj
 0003:00004b78       ___ptmbcinfo               10023b78     LIBCMT:mbctype.obj
 0003:00004c70       ___globallocalestatus      10023c70     LIBCMT:glstatus.obj
 0003:00004c74       ___clocalestr              10023c74     LIBCMT:nlsdata2.obj
 0003:00004c78       ___lc_time_c               10023c78     LIBCMT:nlsdata2.obj
 0003:00004de0       ___initiallocinfo          10023de0     LIBCMT:nlsdata2.obj
 0003:00004eb8       ___ptlocinfo               10023eb8     LIBCMT:nlsdata2.obj
 0003:00004ebc       ___initiallocalestructinfo 10023ebc     LIBCMT:nlsdata2.obj
 0003:00004ed0       __lpdays                   10023ed0     LIBCMT:days.obj
 0003:00004f04       __days                     10023f04     LIBCMT:days.obj
 0003:00004f40       ___abort_behavior          10023f40     LIBCMT:abort.obj
 0003:00004f50       ___lconv_static_decimal    10023f50     LIBCMT:lconv.obj
 0003:00004f54       ___lconv_static_W_decimal  10023f54     LIBCMT:lconv.obj
 0003:00004f58       ___lconv_c                 10023f58     LIBCMT:lconv.obj
 0003:00004fa8       ___lconv                   10023fa8     LIBCMT:lconv.obj
 0003:00004fac       __pctype                   10023fac     LIBCMT:ctype.obj
 0003:00004fb0       __pwctype                  10023fb0     LIBCMT:ctype.obj
 0003:00004fb4       __confh                    10023fb4     LIBCMT:initcon.obj
 0003:00004fc0       __NLG_Destination          10023fc0     LIBCMT:exsup.obj
 0003:00005000       ___mb_cur_max              10024000     LIBCMT:nlsdata1.obj
 0003:00005004       ___decimal_point           10024004     LIBCMT:nlsdata1.obj
 0003:00005008       ___decimal_point_length    10024008     LIBCMT:nlsdata1.obj
 0003:00005010       __pow10pos                 10024010     LIBCMT:_constpow_.obj
 0003:00005170       __pow10neg                 10024170     LIBCMT:_constpow_.obj
 0003:00005300       _svn_rev                   10024300     api.obj
 0003:00005380       _default_xbee              10024380     api.obj
 0003:00005384       _glob_hModule              10024384     api.obj
 0003:00005388       _win32_hWnd                10024388     api.obj
 0003:0000538c       _win32_MessageID           1002438c     api.obj
 0003:00005398       ___fastflag                10024398     LIBCMT:_fpinit_.obj
 0003:0000539c       __cflush                   1002439c     LIBCMT:_file.obj
 0003:000053a0       __umaskval                 100243a0     LIBCMT:crt0dat.obj
 0003:000053a4       ___argc                    100243a4     LIBCMT:crt0dat.obj
 0003:000053a8       ___argv                    100243a8     LIBCMT:crt0dat.obj
 0003:000053ac       ___wargv                   100243ac     LIBCMT:crt0dat.obj
 0003:000053b0       __environ                  100243b0     LIBCMT:crt0dat.obj
 0003:000053b4       ___initenv                 100243b4     LIBCMT:crt0dat.obj
 0003:000053b8       __wenviron                 100243b8     LIBCMT:crt0dat.obj
 0003:000053bc       ___winitenv                100243bc     LIBCMT:crt0dat.obj
 0003:000053c0       __pgmptr                   100243c0     LIBCMT:crt0dat.obj
 0003:000053c4       __wpgmptr                  100243c4     LIBCMT:crt0dat.obj
 0003:000053c8       __exitflag                 100243c8     LIBCMT:crt0dat.obj
 0003:000053cc       __C_Termination_Done       100243cc     LIBCMT:crt0dat.obj
 0003:000053d0       __C_Exit_Done              100243d0     LIBCMT:crt0dat.obj
 0003:000053d8       __aenvptr                  100243d8     LIBCMT:dllcrt0.obj
 0003:000053dc       __wenvptr                  100243dc     LIBCMT:dllcrt0.obj
 0003:000053e0       ___error_mode              100243e0     LIBCMT:dllcrt0.obj
 0003:000053e4       ___app_type                100243e4     LIBCMT:dllcrt0.obj
 0003:000053e8       ___pInvalidArgHandler      100243e8     LIBCMT:invarg.obj
 0003:00005714       ?wsprintffp@@3P6AHPADPBDZZA 10024714     LIBCMT:_error_.obj
 0003:00005720       __crtheap                  10024720     LIBCMT:heapinit.obj
 0003:000057e0       _gpFlsAlloc                100247e0     LIBCMT:tidtable.obj
 0003:000057e4       _gpFlsGetValue             100247e4     LIBCMT:tidtable.obj
 0003:000057e8       _gpFlsSetValue             100247e8     LIBCMT:tidtable.obj
 0003:000057ec       _gpFlsFree                 100247ec     LIBCMT:tidtable.obj
 0003:000057f0       __stdbuf                   100247f0     LIBCMT:_sftbuf.obj
 0003:00005948       __maxwait                  10024948     LIBCMT:crtheap.obj
 0003:0000594c       ?__pInconsistency@@3P6AXXZA 1002494c     LIBCMT:hooks.obj
 0003:00005968       ___pPurecall               10024968     LIBCMT:inithelp.obj
 0003:0000596c       ?_pnhHeap@@3P6AHI@ZA       1002496c     LIBCMT:handler.obj
 0003:00005f98       __newmode                  10024f98     LIBCMT:_newmode.obj
 0003:000060ac       ___mbulinfo                100250ac     LIBCMT:mbctype.obj
 0003:000060b8       ___mbcodepage              100250b8     LIBCMT:mbctype.obj
 0003:000060bc       ___ismbcodepage            100250bc     LIBCMT:mbctype.obj
 0003:000060c0       ___mblcid                  100250c0     LIBCMT:mbctype.obj
 0003:000060d0       __fmode                    100250d0     LIBCMT:txtmode.obj
 0003:000060d4       __outputformat             100250d4     LIBCMT:outputformat.obj
 0003:000060ec       ___locale_changed          100250ec     LIBCMT:setlocal.obj
 0003:000060f0       ___lconv_static_null       100250f0     LIBCMT:lconv.obj
 0003:000060f4       ___lconv_static_W_null     100250f4     LIBCMT:lconv.obj
 0003:000060f8       __commode                  100250f8     LIBCMT:ncommode.obj
 0003:000060fc       _xbee_hnd_mutex            100250fc     <common>
 0003:00006100       __debugger_hook_dummy      10025100     <common>
 0003:00006104       ___sse2_available          10025104     <common>
 0003:00006108       __pDestructExceptionObject 10025108     <common>
 0003:0000610c       __nhandle                  1002510c     <common>
 0003:00006120       ___pioinfo                 10025120     <common>
 0003:00006220       __acmdln                   10025220     <common>
 0003:00006224       ___env_initialized         10025224     <common>
 0003:00006228       ___onexitend               10025228     <common>
 0003:0000622c       ___onexitbegin             1002522c     <common>
 0003:00006230       ___mbctype_initialized     10025230     <common>
 0003:00006234       ___dyn_tls_init_callback   10025234     <common>
 0003:00006238       ___piob                    10025238     <common>
 0003:00006240       __bufin                    10025240     <common>
 0003:00007240       __nstream                  10026240     <common>

 entry point at        0001:0000da7c

 Static symbols

 0001:00001190       _xbee_logf                 10002190 f   api.obj
 0001:00001a00       _Xfree2@4                  10002a00 f   api.obj
 0001:00002af0       _init_serial@8             10003af0 f   api.obj
 0001:00002db0       _Xmalloc2@8                10003db0 f   api.obj
 0001:00002e50       _Xcalloc2@8                10003e50 f   api.obj
 0001:00002ef0       _xbee_startAPI@4           10003ef0 f   api.obj
 0001:00003110       _xbee_sendAT@16            10004110 f   api.obj
 0001:00003140       _xbee_sendATdelay@20       10004140 f   api.obj
 0001:00003630       _xbee_select@8             10004630 f   api.obj
 0001:00005820       _xbee_matchpktcon@12       10006820 f   api.obj
 0001:00005b20       _xbee_listen_wrapper@4     10006b20 f   api.obj
 0001:00005c30       _xbee_listen@4             10006c30 f   api.obj
 0001:00008d10       _Xrealloc2@12              10009d10 f   api.obj
 0001:00008d70       _xbee_parse_io@24          10009d70 f   api.obj
 0001:00009480       _xbee_callbackWrapper@4    1000a480 f   api.obj
 0001:00009970       _xbee_thread_watch@4       1000a970 f   api.obj
 0001:00009bb0       _xbee_getbyte@4            1000abb0 f   api.obj
 0001:00009c00       _xbee_getrawbyte@4         1000ac00 f   api.obj
 0001:00009dc0       __xbee_send_pkt@12         1000adc0 f   api.obj
 0001:0000a2e0       _xbee_make_pkt@12          1000b2e0 f   api.obj
 0001:0000a7d1       __tsopen_nolock            1000b7d1 f   LIBCMT:open.obj
 0001:0000b225       _flsall                    1000c225 f   LIBCMT:fflush.obj
 0001:0000bae4       _doexit                    1000cae4 f   LIBCMT:crt0dat.obj
 0001:0000d986       ___DllMainCRTStartup       1000e986 f   LIBCMT:dllcrt0.obj
 0001:0000dc8a       _write_char                1000ec8a f   LIBCMT:output.obj
 0001:0000dcbd       _write_string              1000ecbd f   LIBCMT:output.obj
 0001:0000eb56       ?DebuggerProbe@@YAHK@Z     1000fb56 f   LIBCMT:_error_.obj
 0001:0000eba6       ?DebuggerRuntime@@YAHKHPAXPB_W@Z 1000fba6 f   LIBCMT:_error_.obj
 0001:0000ec08       ?failwithmessage@@YAXPAXHHPBD@Z 1000fc08 f   LIBCMT:_error_.obj
 0001:0000f019       __tzset_nolock             10010019 f   LIBCMT:tzset.obj
 0001:0001167d       __shift                    1001267d f   LIBCMT:cvt.obj
 0001:000116c2       __cftoe2_l                 100126c2 f   LIBCMT:cvt.obj
 0001:00011c80       __cftof2_l                 10012c80 f   LIBCMT:cvt.obj
 0001:000127f2       _siglookup                 100137f2 f   LIBCMT:winsig.obj
 0001:00012a2e       __onexit_nolock            10013a2e f   LIBCMT:onexit.obj
 0001:00012f9c       ?strtoxl@@YAKPAUlocaleinfo_struct@@PBDPAPBDHH@Z 10013f9c f   LIBCMT:strtol.obj
 0001:0001349b       _parse_cmdline             1001449b f   LIBCMT:stdargv.obj
 0001:00013a2b       ?CPtoLCID@@YAHH@Z          10014a2b f   LIBCMT:mbctype.obj
 0001:00013a5a       ?setSBCS@@YAXPAUthreadmbcinfostruct@@@Z 10014a5a f   LIBCMT:mbctype.obj
 0001:00013abe       ?setSBUpLow@@YAXPAUthreadmbcinfostruct@@@Z 10014abe f   LIBCMT:mbctype.obj
 0001:00013cf2       ?getSystemCP@@YAHH@Z       10014cf2 f   LIBCMT:mbctype.obj
 0001:000146bd       ?GetPdbDll@@YAPAUHINSTANCE__@@XZ 100156bd f   LIBCMT:_pdblkup_.obj
 0001:00014e40       __unwind_handler4          10015e40 f   LIBCMT:exsup4.obj
 0001:00015e34       ?x_ismbbtype_l@@YAHPAUlocaleinfo_struct@@IHH@Z 10016e34 f   LIBCMT:ismbbyte.obj
 0001:00015e9f       ?__crtLCMapStringA_stat@@YAHPAUlocaleinfo_struct@@KKPBDHPADHHH@Z 10016e9f f   LIBCMT:a_map.obj
 0001:000160cc       ?__crtGetStringTypeA_stat@@YAHPAUlocaleinfo_struct@@KPBDHPAGHHH@Z 100170cc f   LIBCMT:a_str.obj
 0001:000168c0       __unwind_handler           100178c0 f   LIBCMT:exsup.obj
 0001:0001844d       __hw_cw                    1001944d f   LIBCMT:_ieee87_.obj
 0001:000184db       ___hw_cw_sse2              100194db f   LIBCMT:_ieee87_.obj
 0001:00018950       ?__crtCompareStringA_stat@@YAHPAUlocaleinfo_struct@@KKPBDH1HH@Z 10019950 f   LIBCMT:a_cmp.obj
 0001:00018cea       _findenv                   10019cea f   LIBCMT:setenv.obj
 0001:00018d3c       _copy_environ              10019d3c f   LIBCMT:setenv.obj
 0001:000196ea       __dup_nolock               1001a6ea f   LIBCMT:dup.obj
