# Pinned native GPS protocol behaviour. Rewrite only for a justified change (QGC_GPS_GOLDEN_UPDATE=1).
golden automatic/nothing-found
about Nothing answers at any rate: every probe at every rate, within the time limit
request type=automatic role=rtk-base mode=survey-in accuracy=1.0000m duration=60s compact=0 persistent=0 baud=0
configure
  result configured=0 baud=0->0 failure=protocol ready=0 elapsed=43400ms
  identity ""
  detected none
  error "No supported receiver answered at 115200, 38400, 460800, 9600, 230400, 921600, 57600, 19200 baud"
  wire
    baud 115200 configured
    write "1034" 8
      b5620a0400000e34
    write "$PASHQ,PRT\r\n" 12
      2450415348512c5052540d0a
      text "$PASHQ,PRT\r\n"
    write "$PASHQ,PRT\r\n" 12
      2450415348512c5052540d0a
      text "$PASHQ,PRT\r\n"
    write "\n\r" 2
      0a0d
      text "\n\r"
    write "VERSION\r\n" 9
      56455253494f4e0d0a
      text "VERSION\r\n"
    write "VERSION\r\n" 9
      56455253494f4e0d0a
      text "VERSION\r\n"
    write "VERSIONA" 10
      56455253494f4e410d0a
      text "VERSIONA\r\n"
    write "PQTMVERNO" 15
      245051544d5645524e4f2a35380d0a
      text "$PQTMVERNO*58\r\n"
    baud 38400 configured
    write "1034" 8
      b5620a0400000e34
    write "$PASHQ,PRT\r\n" 12
      2450415348512c5052540d0a
      text "$PASHQ,PRT\r\n"
    write "$PASHQ,PRT\r\n" 12
      2450415348512c5052540d0a
      text "$PASHQ,PRT\r\n"
    write "VERSIONA" 10
      56455253494f4e410d0a
      text "VERSIONA\r\n"
    baud 460800 configured
    write "1034" 8
      b5620a0400000e34
    write "VERSIONA" 10
      56455253494f4e410d0a
      text "VERSIONA\r\n"
    write "PQTMVERNO" 15
      245051544d5645524e4f2a35380d0a
      text "$PQTMVERNO*58\r\n"
    baud 9600 configured
    write "1034" 8
      b5620a0400000e34
    write "$PASHQ,PRT\r\n" 12
      2450415348512c5052540d0a
      text "$PASHQ,PRT\r\n"
    write "$PASHQ,PRT\r\n" 12
      2450415348512c5052540d0a
      text "$PASHQ,PRT\r\n"
    write "VERSIONA" 10
      56455253494f4e410d0a
      text "VERSIONA\r\n"
    write "PQTMVERNO" 15
      245051544d5645524e4f2a35380d0a
      text "$PQTMVERNO*58\r\n"
    baud 230400 configured
    write "1034" 8
      b5620a0400000e34
    write "VERSIONA" 10
      56455253494f4e410d0a
      text "VERSIONA\r\n"
    write "PQTMVERNO" 15
      245051544d5645524e4f2a35380d0a
      text "$PQTMVERNO*58\r\n"
    baud 921600 configured
    write "1034" 8
      b5620a0400000e34
    write "VERSIONA" 10
      56455253494f4e410d0a
      text "VERSIONA\r\n"
    write "PQTMVERNO" 15
      245051544d5645524e4f2a35380d0a
      text "$PQTMVERNO*58\r\n"
    baud 57600 configured
    write "1034" 8
      b5620a0400000e34
    write "$PASHQ,PRT\r\n" 12
      2450415348512c5052540d0a
      text "$PASHQ,PRT\r\n"
    write "$PASHQ,PRT\r\n" 12
      2450415348512c5052540d0a
      text "$PASHQ,PRT\r\n"
    write "VERSIONA" 10
      56455253494f4e410d0a
      text "VERSIONA\r\n"
    write "PQTMVERNO" 15
      245051544d5645524e4f2a35380d0a
      text "$PQTMVERNO*58\r\n"
    baud 19200 configured
    write "$PASHQ,PRT\r\n" 12
      2450415348512c5052540d0a
      text "$PASHQ,PRT\r\n"
    write "$PASHQ,PRT\r\n" 12
      2450415348512c5052540d0a
      text "$PASHQ,PRT\r\n"
    write "VERSIONA" 10
      56455253494f4e410d0a
      text "VERSIONA\r\n"
  evidence
    "Listen at 115200 baud" timed-out optional accepted=0 written=0 uncertain=0 elapsed=1000ms
    "1034" timed-out required accepted=8 written=8 uncertain=0 elapsed=2000ms
    "$PASHQ,PRT\r\n" timed-out required accepted=12 written=12 uncertain=0 elapsed=200ms
    "$PASHQ,PRT\r\n" timed-out required accepted=12 written=12 uncertain=0 elapsed=200ms
    "\n\r" timed-out required accepted=2 written=2 uncertain=0 elapsed=1000ms
    "VERSION\r\n" timed-out required accepted=9 written=9 uncertain=0 elapsed=200ms
    "VERSION\r\n" timed-out required accepted=9 written=9 uncertain=0 elapsed=200ms
    "VERSIONA" timed-out required accepted=10 written=10 uncertain=0 elapsed=1500ms
    "PQTMVERNO" timed-out required accepted=15 written=15 uncertain=0 elapsed=1000ms
    "Listen at 38400 baud" timed-out optional accepted=0 written=0 uncertain=0 elapsed=1000ms
    "1034" timed-out required accepted=8 written=8 uncertain=0 elapsed=2000ms
    "$PASHQ,PRT\r\n" timed-out required accepted=12 written=12 uncertain=0 elapsed=200ms
    "$PASHQ,PRT\r\n" timed-out required accepted=12 written=12 uncertain=0 elapsed=200ms
    "VERSIONA" timed-out required accepted=10 written=10 uncertain=0 elapsed=1500ms
    "Listen at 460800 baud" timed-out optional accepted=0 written=0 uncertain=0 elapsed=1000ms
    "1034" timed-out required accepted=8 written=8 uncertain=0 elapsed=2000ms
    "VERSIONA" timed-out required accepted=10 written=10 uncertain=0 elapsed=1500ms
    "PQTMVERNO" timed-out required accepted=15 written=15 uncertain=0 elapsed=1000ms
    "Listen at 9600 baud" timed-out optional accepted=0 written=0 uncertain=0 elapsed=1000ms
    "1034" timed-out required accepted=8 written=8 uncertain=0 elapsed=2000ms
    "$PASHQ,PRT\r\n" timed-out required accepted=12 written=12 uncertain=0 elapsed=200ms
    "$PASHQ,PRT\r\n" timed-out required accepted=12 written=12 uncertain=0 elapsed=200ms
    "VERSIONA" timed-out required accepted=10 written=10 uncertain=0 elapsed=1500ms
    "PQTMVERNO" timed-out required accepted=15 written=15 uncertain=0 elapsed=1000ms
    "Listen at 230400 baud" timed-out optional accepted=0 written=0 uncertain=0 elapsed=1000ms
    "1034" timed-out required accepted=8 written=8 uncertain=0 elapsed=2000ms
    "VERSIONA" timed-out required accepted=10 written=10 uncertain=0 elapsed=1500ms
    "PQTMVERNO" timed-out required accepted=15 written=15 uncertain=0 elapsed=1000ms
    "Listen at 921600 baud" timed-out optional accepted=0 written=0 uncertain=0 elapsed=1000ms
    "1034" timed-out required accepted=8 written=8 uncertain=0 elapsed=2000ms
    "VERSIONA" timed-out required accepted=10 written=10 uncertain=0 elapsed=1500ms
    "PQTMVERNO" timed-out required accepted=15 written=15 uncertain=0 elapsed=1000ms
    "Listen at 57600 baud" timed-out optional accepted=0 written=0 uncertain=0 elapsed=1000ms
    "1034" timed-out required accepted=8 written=8 uncertain=0 elapsed=2000ms
    "$PASHQ,PRT\r\n" timed-out required accepted=12 written=12 uncertain=0 elapsed=200ms
    "$PASHQ,PRT\r\n" timed-out required accepted=12 written=12 uncertain=0 elapsed=200ms
    "VERSIONA" timed-out required accepted=10 written=10 uncertain=0 elapsed=1500ms
    "PQTMVERNO" timed-out required accepted=15 written=15 uncertain=0 elapsed=1000ms
    "Listen at 19200 baud" timed-out optional accepted=0 written=0 uncertain=0 elapsed=1000ms
    "$PASHQ,PRT\r\n" timed-out required accepted=12 written=12 uncertain=0 elapsed=200ms
    "$PASHQ,PRT\r\n" timed-out required accepted=12 written=12 uncertain=0 elapsed=200ms
    "VERSIONA" timed-out required accepted=10 written=10 uncertain=0 elapsed=1500ms
  events
