about NMEA and RTCM input at 115200
request type=passive role=passive mode=survey-in accuracy=0.0000m duration=0s compact=0 persistent=0 baud=115200
configure configured=1 baud=115200->115200 failure=none ready=1 elapsed=0ms
  baud 115200 configured
stream failure=none ready=1
  input type=passive
  usage used=6 receipt=1
  position fix=differential lat=37.39109795 lon=-122.03782631 msl=18.8930 ellipsoid=-6.7760 hacc=nan vacc=nan hdop=1.200 vdop=nan speed=nan course=nan used=6 utc=0 velocity=0 receipt=1
  rtcm type=1005 size=25 fnv=f8e3bb62
  satellites full=0 gps:view=1/1,use=-/0
  satellites full=0 sbas:view=0/1,use=-/0
