about A protocol with positions replaces one without
request type=passive role=passive mode=survey-in accuracy=0.0000m duration=0s compact=0 persistent=0 baud=115200
configure configured=1 baud=115200->115200 failure=none ready=1 elapsed=0ms
  baud 115200 configured
stream failure=none ready=1
  input type=ublox
  satellites full=1 gps:view=2/1,use=1/1 glonass:view=1/1,use=1/1
  integrity receipt=1 jamming=unknown/0 spoofing=indicated/1 antenna=unknown/0 output-overflow=0
  input type=passive
  usage used=12 receipt=1
  position fix=3d lat=47.00000000 lon=8.00000000 msl=450.0000 ellipsoid=500.0000 hacc=nan vacc=nan hdop=0.900 vdop=nan speed=nan course=nan used=12 utc=0 velocity=0 receipt=1
